Archive member included to satisfy reference by file (symbol)

C:/NXP/S32DS.3.5/S32DS/build_tools/gcc_b1620/gcc-6.3-arm32-eabi/arm-none-eabi/newlib/lib/thumb/v7e-m/fpv4-sp/hard\libc_nano.a(lib_a-exit.o)
                              C:/NXP/S32DS.3.5/S32DS/build_tools/gcc_b1620/gcc-6.3-arm32-eabi/arm-none-eabi/newlib/lib/thumb/v7e-m/fpv4-sp/hard/crt0.o (exit)
C:/NXP/S32DS.3.5/S32DS/build_tools/gcc_b1620/gcc-6.3-arm32-eabi/arm-none-eabi/newlib/lib/thumb/v7e-m/fpv4-sp/hard\libc_nano.a(lib_a-impure.o)
                              C:/NXP/S32DS.3.5/S32DS/build_tools/gcc_b1620/gcc-6.3-arm32-eabi/arm-none-eabi/newlib/lib/thumb/v7e-m/fpv4-sp/hard\libc_nano.a(lib_a-exit.o) (_global_impure_ptr)
C:/NXP/S32DS.3.5/S32DS/build_tools/gcc_b1620/gcc-6.3-arm32-eabi/arm-none-eabi/newlib/lib/thumb/v7e-m/fpv4-sp/hard\libc_nano.a(lib_a-init.o)
                              C:/NXP/S32DS.3.5/S32DS/build_tools/gcc_b1620/gcc-6.3-arm32-eabi/arm-none-eabi/newlib/lib/thumb/v7e-m/fpv4-sp/hard/crt0.o (__libc_init_array)
C:/NXP/S32DS.3.5/S32DS/build_tools/gcc_b1620/gcc-6.3-arm32-eabi/arm-none-eabi/newlib/lib/thumb/v7e-m/fpv4-sp/hard\libc_nano.a(lib_a-memset.o)
                              C:/NXP/S32DS.3.5/S32DS/build_tools/gcc_b1620/gcc-6.3-arm32-eabi/arm-none-eabi/newlib/lib/thumb/v7e-m/fpv4-sp/hard/crt0.o (memset)
C:/NXP/S32DS.3.5/S32DS/build_tools/gcc_b1620/gcc-6.3-arm32-eabi/arm-none-eabi/newlib/lib/thumb/v7e-m/fpv4-sp/hard\libnosys.a(_exit.o)
                              C:/NXP/S32DS.3.5/S32DS/build_tools/gcc_b1620/gcc-6.3-arm32-eabi/arm-none-eabi/newlib/lib/thumb/v7e-m/fpv4-sp/hard\libc_nano.a(lib_a-exit.o) (_exit)

Discarded input sections

 .text          0x00000000        0x0 c:/nxp/s32ds.3.5/s32ds/build_tools/gcc_b1620/gcc-6.3-arm32-eabi/bin/../lib/gcc/arm-none-eabi/6.3.1/thumb/v7e-m/fpv4-sp/hard/crti.o
 .data          0x00000000        0x0 c:/nxp/s32ds.3.5/s32ds/build_tools/gcc_b1620/gcc-6.3-arm32-eabi/bin/../lib/gcc/arm-none-eabi/6.3.1/thumb/v7e-m/fpv4-sp/hard/crti.o
 .bss           0x00000000        0x0 c:/nxp/s32ds.3.5/s32ds/build_tools/gcc_b1620/gcc-6.3-arm32-eabi/bin/../lib/gcc/arm-none-eabi/6.3.1/thumb/v7e-m/fpv4-sp/hard/crti.o
 .text          0x00000000       0xa4 c:/nxp/s32ds.3.5/s32ds/build_tools/gcc_b1620/gcc-6.3-arm32-eabi/bin/../lib/gcc/arm-none-eabi/6.3.1/thumb/v7e-m/fpv4-sp/hard/crtbegin.o
 .data          0x00000000        0x4 c:/nxp/s32ds.3.5/s32ds/build_tools/gcc_b1620/gcc-6.3-arm32-eabi/bin/../lib/gcc/arm-none-eabi/6.3.1/thumb/v7e-m/fpv4-sp/hard/crtbegin.o
 .bss           0x00000000       0x1c c:/nxp/s32ds.3.5/s32ds/build_tools/gcc_b1620/gcc-6.3-arm32-eabi/bin/../lib/gcc/arm-none-eabi/6.3.1/thumb/v7e-m/fpv4-sp/hard/crtbegin.o
 .init_array    0x00000000        0x4 c:/nxp/s32ds.3.5/s32ds/build_tools/gcc_b1620/gcc-6.3-arm32-eabi/bin/../lib/gcc/arm-none-eabi/6.3.1/thumb/v7e-m/fpv4-sp/hard/crtbegin.o
 .fini_array    0x00000000        0x4 c:/nxp/s32ds.3.5/s32ds/build_tools/gcc_b1620/gcc-6.3-arm32-eabi/bin/../lib/gcc/arm-none-eabi/6.3.1/thumb/v7e-m/fpv4-sp/hard/crtbegin.o
 .eh_frame      0x00000000        0x0 c:/nxp/s32ds.3.5/s32ds/build_tools/gcc_b1620/gcc-6.3-arm32-eabi/bin/../lib/gcc/arm-none-eabi/6.3.1/thumb/v7e-m/fpv4-sp/hard/crtbegin.o
 .jcr           0x00000000        0x0 c:/nxp/s32ds.3.5/s32ds/build_tools/gcc_b1620/gcc-6.3-arm32-eabi/bin/../lib/gcc/arm-none-eabi/6.3.1/thumb/v7e-m/fpv4-sp/hard/crtbegin.o
 .tm_clone_table
                0x00000000        0x0 c:/nxp/s32ds.3.5/s32ds/build_tools/gcc_b1620/gcc-6.3-arm32-eabi/bin/../lib/gcc/arm-none-eabi/6.3.1/thumb/v7e-m/fpv4-sp/hard/crtbegin.o
 .comment       0x00000000       0x7f c:/nxp/s32ds.3.5/s32ds/build_tools/gcc_b1620/gcc-6.3-arm32-eabi/bin/../lib/gcc/arm-none-eabi/6.3.1/thumb/v7e-m/fpv4-sp/hard/crtbegin.o
 .ARM.attributes
                0x00000000       0x34 c:/nxp/s32ds.3.5/s32ds/build_tools/gcc_b1620/gcc-6.3-arm32-eabi/bin/../lib/gcc/arm-none-eabi/6.3.1/thumb/v7e-m/fpv4-sp/hard/crtbegin.o
 .text          0x00000000       0x7c C:/NXP/S32DS.3.5/S32DS/build_tools/gcc_b1620/gcc-6.3-arm32-eabi/arm-none-eabi/newlib/lib/thumb/v7e-m/fpv4-sp/hard/crt0.o
 .data          0x00000000        0x0 C:/NXP/S32DS.3.5/S32DS/build_tools/gcc_b1620/gcc-6.3-arm32-eabi/arm-none-eabi/newlib/lib/thumb/v7e-m/fpv4-sp/hard/crt0.o
 .bss           0x00000000        0x0 C:/NXP/S32DS.3.5/S32DS/build_tools/gcc_b1620/gcc-6.3-arm32-eabi/arm-none-eabi/newlib/lib/thumb/v7e-m/fpv4-sp/hard/crt0.o
 .ARM.extab     0x00000000        0x0 C:/NXP/S32DS.3.5/S32DS/build_tools/gcc_b1620/gcc-6.3-arm32-eabi/arm-none-eabi/newlib/lib/thumb/v7e-m/fpv4-sp/hard/crt0.o
 .ARM.exidx     0x00000000       0x10 C:/NXP/S32DS.3.5/S32DS/build_tools/gcc_b1620/gcc-6.3-arm32-eabi/arm-none-eabi/newlib/lib/thumb/v7e-m/fpv4-sp/hard/crt0.o
 .ARM.attributes
                0x00000000       0x20 C:/NXP/S32DS.3.5/S32DS/build_tools/gcc_b1620/gcc-6.3-arm32-eabi/arm-none-eabi/newlib/lib/thumb/v7e-m/fpv4-sp/hard/crt0.o
 .data          0x00000000        0x0 ./Project_Settings/Startup_Code/startup_S32K144.o
 .bss           0x00000000        0x0 ./Project_Settings/Startup_Code/startup_S32K144.o
 .text          0x00000000        0x0 ./SDK/platform/devices/S32K144/startup/system_S32K144.o
 .data          0x00000000        0x0 ./SDK/platform/devices/S32K144/startup/system_S32K144.o
 .bss           0x00000000        0x0 ./SDK/platform/devices/S32K144/startup/system_S32K144.o
 .text.SystemCoreClockUpdate
                0x00000000       0x88 ./SDK/platform/devices/S32K144/startup/system_S32K144.o
 .text.SystemSoftwareReset
                0x00000000       0x18 ./SDK/platform/devices/S32K144/startup/system_S32K144.o
 .data.SystemCoreClock
                0x00000000        0x4 ./SDK/platform/devices/S32K144/startup/system_S32K144.o
 .text          0x00000000        0x0 ./SDK/platform/devices/startup.o
 .data          0x00000000        0x0 ./SDK/platform/devices/startup.o
 .bss           0x00000000        0x0 ./SDK/platform/devices/startup.o
 .text          0x00000000        0x0 ./SDK/platform/drivers/src/clock/S32K1xx/clock_S32K1xx.o
 .data          0x00000000        0x0 ./SDK/platform/drivers/src/clock/S32K1xx/clock_S32K1xx.o
 .bss           0x00000000        0x0 ./SDK/platform/drivers/src/clock/S32K1xx/clock_S32K1xx.o
 .text.CLOCK_SYS_TransitionToTmpSysClk
                0x00000000       0xee ./SDK/platform/drivers/src/clock/S32K1xx/clock_S32K1xx.o
 .text.CLOCK_SYS_GetCurrentSysClkConfig
                0x00000000       0x5c ./SDK/platform/drivers/src/clock/S32K1xx/clock_S32K1xx.o
 .text.CLOCK_SYS_ConvertAsyncDividerValue
                0x00000000       0x3e ./SDK/platform/drivers/src/clock/S32K1xx/clock_S32K1xx.o
 .text.CLOCK_DRV_SetModuleClock
                0x00000000      0x174 ./SDK/platform/drivers/src/clock/S32K1xx/clock_S32K1xx.o
 .text.CLOCK_DRV_SetSystemClock
                0x00000000      0x120 ./SDK/platform/drivers/src/clock/S32K1xx/clock_S32K1xx.o
 .text.CLOCK_DRV_GetSystemClockSource
                0x00000000       0x5c ./SDK/platform/drivers/src/clock/S32K1xx/clock_S32K1xx.o
 .text.CLOCK_DRV_SetClockSource
                0x00000000      0x298 ./SDK/platform/drivers/src/clock/S32K1xx/clock_S32K1xx.o
 .text.CLOCK_SYS_Init
                0x00000000       0x1c ./SDK/platform/drivers/src/clock/S32K1xx/clock_S32K1xx.o
 .text.CLOCK_SYS_UpdateConfiguration
                0x00000000       0xe8 ./SDK/platform/drivers/src/clock/S32K1xx/clock_S32K1xx.o
 .text.CLOCK_SYS_GetCurrentConfiguration
                0x00000000        0xc ./SDK/platform/drivers/src/clock/S32K1xx/clock_S32K1xx.o
 .text.CLOCK_SYS_GetErrorCallback
                0x00000000       0x1c ./SDK/platform/drivers/src/clock/S32K1xx/clock_S32K1xx.o
 .text.CLOCK_SYS_SetConfiguration
                0x00000000        0x8 ./SDK/platform/drivers/src/clock/S32K1xx/clock_S32K1xx.o
 .bss.g_clockState
                0x00000000       0x10 ./SDK/platform/drivers/src/clock/S32K1xx/clock_S32K1xx.o
 .rodata.sysClkDivMappings.7695
                0x00000000       0x10 ./SDK/platform/drivers/src/clock/S32K1xx/clock_S32K1xx.o
 .rodata.sysClkDivMappings.7773
                0x00000000       0x11 ./SDK/platform/drivers/src/clock/S32K1xx/clock_S32K1xx.o
 .text          0x00000000        0x0 ./SDK/platform/drivers/src/edma/edma_driver.o
 .data          0x00000000        0x0 ./SDK/platform/drivers/src/edma/edma_driver.o
 .bss           0x00000000        0x0 ./SDK/platform/drivers/src/edma/edma_driver.o
 .text.EDMA_DRV_ClearStructure
                0x00000000       0x10 ./SDK/platform/drivers/src/edma/edma_driver.o
 .text.EDMA_DRV_ReleaseChannel
                0x00000000       0x34 ./SDK/platform/drivers/src/edma/edma_driver.o
 .text.EDMA_DRV_Deinit
                0x00000000       0x50 ./SDK/platform/drivers/src/edma/edma_driver.o
 .text.EDMA_DRV_SetChannelRequestAndTrigger
                0x00000000       0x44 ./SDK/platform/drivers/src/edma/edma_driver.o
 .text.EDMA_DRV_ChannelInit
                0x00000000       0xa0 ./SDK/platform/drivers/src/edma/edma_driver.o
 .text.EDMA_DRV_Init
                0x00000000       0xb0 ./SDK/platform/drivers/src/edma/edma_driver.o
 .text.EDMA_DRV_ClearTCD
                0x00000000       0x14 ./SDK/platform/drivers/src/edma/edma_driver.o
 .text.EDMA_DRV_SetSrcAddr
                0x00000000       0x14 ./SDK/platform/drivers/src/edma/edma_driver.o
 .text.EDMA_DRV_SetSrcOffset
                0x00000000       0x14 ./SDK/platform/drivers/src/edma/edma_driver.o
 .text.EDMA_DRV_SetSrcReadChunkSize
                0x00000000       0x26 ./SDK/platform/drivers/src/edma/edma_driver.o
 .text.EDMA_DRV_SetSrcLastAddrAdjustment
                0x00000000       0x16 ./SDK/platform/drivers/src/edma/edma_driver.o
 .text.EDMA_DRV_SetDestLastAddrAdjustment
                0x00000000       0x16 ./SDK/platform/drivers/src/edma/edma_driver.o
 .text.EDMA_DRV_SetDestOffset
                0x00000000       0x18 ./SDK/platform/drivers/src/edma/edma_driver.o
 .text.EDMA_DRV_SetDestWriteChunkSize
                0x00000000       0x24 ./SDK/platform/drivers/src/edma/edma_driver.o
 .text.EDMA_DRV_SetMinorLoopBlockSize
                0x00000000       0x14 ./SDK/platform/drivers/src/edma/edma_driver.o
 .text.EDMA_DRV_GetRemainingMajorIterationsCount
                0x00000000       0x14 ./SDK/platform/drivers/src/edma/edma_driver.o
 .text.EDMA_DRV_SetScatterGatherLink
                0x00000000       0x14 ./SDK/platform/drivers/src/edma/edma_driver.o
 .text.EDMA_DRV_DisableRequestsOnTransferComplete
                0x00000000       0x38 ./SDK/platform/drivers/src/edma/edma_driver.o
 .text.EDMA_DRV_ConfigureInterrupt
                0x00000000       0x80 ./SDK/platform/drivers/src/edma/edma_driver.o
 .text.EDMA_DRV_CancelTransfer
                0x00000000       0x18 ./SDK/platform/drivers/src/edma/edma_driver.o
 .text.EDMA_DRV_TriggerSwRequest
                0x00000000       0x10 ./SDK/platform/drivers/src/edma/edma_driver.o
 .text.EDMA_DRV_PushConfigToSTCD
                0x00000000       0x8e ./SDK/platform/drivers/src/edma/edma_driver.o
 .text.EDMA_DRV_PushConfigToReg
                0x00000000      0x1d8 ./SDK/platform/drivers/src/edma/edma_driver.o
 .text.EDMA_DRV_ConfigLoopTransfer
                0x00000000       0x28 ./SDK/platform/drivers/src/edma/edma_driver.o
 .text.EDMA_DRV_ConfigScatterGatherTransfer
                0x00000000      0x194 ./SDK/platform/drivers/src/edma/edma_driver.o
 .text.EDMA_DRV_GetChannelStatus
                0x00000000       0x10 ./SDK/platform/drivers/src/edma/edma_driver.o
 .rodata.s_edmaIrqId
                0x00000000       0x10 ./SDK/platform/drivers/src/edma/edma_driver.o
 .text          0x00000000        0x0 ./SDK/platform/drivers/src/edma/edma_hw_access.o
 .data          0x00000000        0x0 ./SDK/platform/drivers/src/edma/edma_hw_access.o
 .bss           0x00000000        0x0 ./SDK/platform/drivers/src/edma/edma_hw_access.o
 .text.EDMA_CancelTransfer
                0x00000000       0x12 ./SDK/platform/drivers/src/edma/edma_hw_access.o
 .text.EDMA_CancelTransferWithError
                0x00000000       0x12 ./SDK/platform/drivers/src/edma/edma_hw_access.o
 .text.EDMA_SetErrorIntCmd
                0x00000000        0xa ./SDK/platform/drivers/src/edma/edma_hw_access.o
 .text.EDMA_Init
                0x00000000       0x22 ./SDK/platform/drivers/src/edma/edma_hw_access.o
 .text.EDMA_TCDSetMinorLoopOffset
                0x00000000       0x44 ./SDK/platform/drivers/src/edma/edma_hw_access.o
 .text.EDMA_TCDSetScatterGatherLink
                0x00000000        0xc ./SDK/platform/drivers/src/edma/edma_hw_access.o
 .text.EDMA_TCDSetChannelMinorLink
                0x00000000       0x6a ./SDK/platform/drivers/src/edma/edma_hw_access.o
 .text.EDMA_TCDGetCurrentMajorCount
                0x00000000       0x2c ./SDK/platform/drivers/src/edma/edma_hw_access.o
 .text.DMAMUX_Init
                0x00000000        0xe ./SDK/platform/drivers/src/edma/edma_hw_access.o
 .text          0x00000000        0x0 ./SDK/platform/drivers/src/edma/edma_irq.o
 .data          0x00000000        0x0 ./SDK/platform/drivers/src/edma/edma_irq.o
 .bss           0x00000000        0x0 ./SDK/platform/drivers/src/edma/edma_irq.o
 .text          0x00000000        0x0 ./SDK/platform/drivers/src/ftm/ftm_common.o
 .data          0x00000000        0x0 ./SDK/platform/drivers/src/ftm/ftm_common.o
 .bss           0x00000000        0x0 ./SDK/platform/drivers/src/ftm/ftm_common.o
 .text.FTM_DRV_Deinit
                0x00000000       0x20 ./SDK/platform/drivers/src/ftm/ftm_common.o
 .text.FTM_DRV_GetDefaultConfig
                0x00000000       0x2c ./SDK/platform/drivers/src/ftm/ftm_common.o
 .text.FTM_DRV_MaskOutputChannels
                0x00000000       0x20 ./SDK/platform/drivers/src/ftm/ftm_common.o
 .text.FTM_DRV_SetInitialCounterValue
                0x00000000       0x28 ./SDK/platform/drivers/src/ftm/ftm_common.o
 .text.FTM_DRV_SetHalfCycleReloadPoint
                0x00000000       0x20 ./SDK/platform/drivers/src/ftm/ftm_common.o
 .text.FTM_DRV_SetSoftOutChnValue
                0x00000000       0x38 ./SDK/platform/drivers/src/ftm/ftm_common.o
 .text.FTM_DRV_SetSoftwareOutputChannelControl
                0x00000000       0x2c ./SDK/platform/drivers/src/ftm/ftm_common.o
 .text.FTM_DRV_SetAllChnSoftwareOutputControl
                0x00000000       0x30 ./SDK/platform/drivers/src/ftm/ftm_common.o
 .text.FTM_DRV_SetInvertingControl
                0x00000000       0x20 ./SDK/platform/drivers/src/ftm/ftm_common.o
 .text.FTM_DRV_SetModuloCounterValue
                0x00000000       0x28 ./SDK/platform/drivers/src/ftm/ftm_common.o
 .text.FTM_DRV_SetOutputlevel
                0x00000000       0x34 ./SDK/platform/drivers/src/ftm/ftm_common.o
 .text.FTM_DRV_GenerateHardwareTrigger
                0x00000000       0x1c ./SDK/platform/drivers/src/ftm/ftm_common.o
 .text.FTM_DRV_EnableInterrupts
                0x00000000       0xa8 ./SDK/platform/drivers/src/ftm/ftm_common.o
 .text.FTM_DRV_DisableInterrupts
                0x00000000       0xa4 ./SDK/platform/drivers/src/ftm/ftm_common.o
 .text.FTM_DRV_GetEnabledInterrupts
                0x00000000       0x5c ./SDK/platform/drivers/src/ftm/ftm_common.o
 .text.FTM_DRV_GetStatusFlags
                0x00000000       0x5c ./SDK/platform/drivers/src/ftm/ftm_common.o
 .text.FTM_DRV_ClearStatusFlags
                0x00000000       0x8c ./SDK/platform/drivers/src/ftm/ftm_common.o
 .text.FTM_DRV_CounterReset
                0x00000000       0x24 ./SDK/platform/drivers/src/ftm/ftm_common.o
 .bss.faultDetection
                0x00000000        0x1 ./SDK/platform/drivers/src/ftm/ftm_common.o
 .rodata.g_ftmFaultIrqId
                0x00000000        0x4 ./SDK/platform/drivers/src/ftm/ftm_common.o
 .rodata.g_ftmIrqId
                0x00000000       0x20 ./SDK/platform/drivers/src/ftm/ftm_common.o
 .rodata.g_ftmReloadIrqId
                0x00000000        0x4 ./SDK/platform/drivers/src/ftm/ftm_common.o
 .text          0x00000000        0x0 ./SDK/platform/drivers/src/ftm/ftm_hw_access.o
 .data          0x00000000        0x0 ./SDK/platform/drivers/src/ftm/ftm_hw_access.o
 .bss           0x00000000        0x0 ./SDK/platform/drivers/src/ftm/ftm_hw_access.o
 .text.FTM_DRV_SetChnInputCaptureFilter
                0x00000000       0x52 ./SDK/platform/drivers/src/ftm/ftm_hw_access.o
 .text          0x00000000        0x0 ./SDK/platform/drivers/src/ftm/ftm_pwm_driver.o
 .data          0x00000000        0x0 ./SDK/platform/drivers/src/ftm/ftm_pwm_driver.o
 .bss           0x00000000        0x0 ./SDK/platform/drivers/src/ftm/ftm_pwm_driver.o
 .text.FTM_DRV_DeinitPwm
                0x00000000      0x10c ./SDK/platform/drivers/src/ftm/ftm_pwm_driver.o
 .text.FTM_DRV_UpdatePwmPeriod
                0x00000000       0x5c ./SDK/platform/drivers/src/ftm/ftm_pwm_driver.o
 .text.FTM_DRV_FastUpdatePwmChannels
                0x00000000       0x40 ./SDK/platform/drivers/src/ftm/ftm_pwm_driver.o
 .text.FTM_DRV_ControlChannelOutput
                0x00000000       0x30 ./SDK/platform/drivers/src/ftm/ftm_pwm_driver.o
 .text.FTM_PWM_DRV_IrqHandler
                0x00000000       0xa0 ./SDK/platform/drivers/src/ftm/ftm_pwm_driver.o
 .text          0x00000000        0x0 ./SDK/platform/drivers/src/interrupt/interrupt_manager.o
 .data          0x00000000        0x0 ./SDK/platform/drivers/src/interrupt/interrupt_manager.o
 .bss           0x00000000        0x0 ./SDK/platform/drivers/src/interrupt/interrupt_manager.o
 .text.INT_SYS_SetPriority
                0x00000000       0x58 ./SDK/platform/drivers/src/interrupt/interrupt_manager.o
 .text.INT_SYS_GetPriority
                0x00000000       0x44 ./SDK/platform/drivers/src/interrupt/interrupt_manager.o
 .text.INT_SYS_ClearPending
                0x00000000       0x1c ./SDK/platform/drivers/src/interrupt/interrupt_manager.o
 .text.INT_SYS_SetPending
                0x00000000       0x1c ./SDK/platform/drivers/src/interrupt/interrupt_manager.o
 .text.INT_SYS_GetPending
                0x00000000       0x1c ./SDK/platform/drivers/src/interrupt/interrupt_manager.o
 .text.INT_SYS_GetActive
                0x00000000       0x1c ./SDK/platform/drivers/src/interrupt/interrupt_manager.o
 .text          0x00000000        0x0 ./SDK/platform/drivers/src/lpuart/lpuart_driver.o
 .data          0x00000000        0x0 ./SDK/platform/drivers/src/lpuart/lpuart_driver.o
 .bss           0x00000000        0x0 ./SDK/platform/drivers/src/lpuart/lpuart_driver.o
 .text.LPUART_DRV_StartSendDataUsingInt
                0x00000000       0x4c ./SDK/platform/drivers/src/lpuart/lpuart_driver.o
 .text.LPUART_DRV_StartSendDataUsingDma
                0x00000000       0x80 ./SDK/platform/drivers/src/lpuart/lpuart_driver.o
 .text.LPUART_DRV_TxDmaCallback
                0x00000000       0x74 ./SDK/platform/drivers/src/lpuart/lpuart_driver.o
 .text.LPUART_DRV_GetDefaultConfig
                0x00000000       0x18 ./SDK/platform/drivers/src/lpuart/lpuart_driver.o
 .text.LPUART_DRV_InstallRxCallback
                0x00000000       0x14 ./SDK/platform/drivers/src/lpuart/lpuart_driver.o
 .text.LPUART_DRV_InstallTxCallback
                0x00000000       0x14 ./SDK/platform/drivers/src/lpuart/lpuart_driver.o
 .text.LPUART_DRV_SendDataBlocking
                0x00000000       0x5c ./SDK/platform/drivers/src/lpuart/lpuart_driver.o
 .text.LPUART_DRV_SendDataPolling
                0x00000000       0x84 ./SDK/platform/drivers/src/lpuart/lpuart_driver.o
 .text.LPUART_DRV_SendData
                0x00000000       0x24 ./SDK/platform/drivers/src/lpuart/lpuart_driver.o
 .text.LPUART_DRV_GetTransmitStatus
                0x00000000       0x38 ./SDK/platform/drivers/src/lpuart/lpuart_driver.o
 .text.LPUART_DRV_ReceiveDataPolling
                0x00000000      0x148 ./SDK/platform/drivers/src/lpuart/lpuart_driver.o
 .text.LPUART_DRV_ReceiveData
                0x00000000       0x24 ./SDK/platform/drivers/src/lpuart/lpuart_driver.o
 .text.LPUART_DRV_GetReceiveStatus
                0x00000000       0x38 ./SDK/platform/drivers/src/lpuart/lpuart_driver.o
 .text.LPUART_DRV_GetBaudRate
                0x00000000       0x3c ./SDK/platform/drivers/src/lpuart/lpuart_driver.o
 .text.LPUART_DRV_SetTxBuffer
                0x00000000       0x14 ./SDK/platform/drivers/src/lpuart/lpuart_driver.o
 .text.LPUART_DRV_SetRxBuffer
                0x00000000       0x14 ./SDK/platform/drivers/src/lpuart/lpuart_driver.o
 .text          0x00000000        0x0 ./SDK/platform/drivers/src/lpuart/lpuart_hw_access.o
 .data          0x00000000        0x0 ./SDK/platform/drivers/src/lpuart/lpuart_hw_access.o
 .bss           0x00000000        0x0 ./SDK/platform/drivers/src/lpuart/lpuart_hw_access.o
 .text.LPUART_ClearStatusFlag
                0x00000000      0x130 ./SDK/platform/drivers/src/lpuart/lpuart_hw_access.o
 .text          0x00000000        0x0 ./SDK/platform/drivers/src/lpuart/lpuart_irq.o
 .data          0x00000000        0x0 ./SDK/platform/drivers/src/lpuart/lpuart_irq.o
 .bss           0x00000000        0x0 ./SDK/platform/drivers/src/lpuart/lpuart_irq.o
 .text          0x00000000        0x0 ./SDK/platform/drivers/src/pins/pins_driver.o
 .data          0x00000000        0x0 ./SDK/platform/drivers/src/pins/pins_driver.o
 .bss           0x00000000        0x0 ./SDK/platform/drivers/src/pins/pins_driver.o
 .text.PINS_DRV_SetPullSel
                0x00000000       0x3a ./SDK/platform/drivers/src/pins/pins_driver.o
 .text.PINS_DRV_SetMuxModeSel
                0x00000000        0x8 ./SDK/platform/drivers/src/pins/pins_driver.o
 .text.PINS_DRV_SetPinIntSel
                0x00000000       0x16 ./SDK/platform/drivers/src/pins/pins_driver.o
 .text.PINS_DRV_GetPinIntSel
                0x00000000        0xa ./SDK/platform/drivers/src/pins/pins_driver.o
 .text.PINS_DRV_ClearPinIntFlagCmd
                0x00000000        0xe ./SDK/platform/drivers/src/pins/pins_driver.o
 .text.PINS_DRV_EnableDigitalFilter
                0x00000000       0x12 ./SDK/platform/drivers/src/pins/pins_driver.o
 .text.PINS_DRV_DisableDigitalFilter
                0x00000000       0x14 ./SDK/platform/drivers/src/pins/pins_driver.o
 .text.PINS_DRV_ConfigDigitalFilter
                0x00000000       0x16 ./SDK/platform/drivers/src/pins/pins_driver.o
 .text.PINS_DRV_GetPortIntFlag
                0x00000000        0x6 ./SDK/platform/drivers/src/pins/pins_driver.o
 .text.PINS_DRV_ClearPortIntFlagCmd
                0x00000000        0xa ./SDK/platform/drivers/src/pins/pins_driver.o
 .text.PINS_DRV_GetPinsDirection
                0x00000000        0x4 ./SDK/platform/drivers/src/pins/pins_driver.o
 .text.PINS_DRV_SetPinDirection
                0x00000000       0x18 ./SDK/platform/drivers/src/pins/pins_driver.o
 .text.PINS_DRV_SetPinsDirection
                0x00000000        0x4 ./SDK/platform/drivers/src/pins/pins_driver.o
 .text.PINS_DRV_SetPortInputDisable
                0x00000000        0x4 ./SDK/platform/drivers/src/pins/pins_driver.o
 .text.PINS_DRV_GetPortInputDisable
                0x00000000        0x4 ./SDK/platform/drivers/src/pins/pins_driver.o
 .text.PINS_DRV_SetGlobalPinControl
                0x00000000        0x8 ./SDK/platform/drivers/src/pins/pins_driver.o
 .text.PINS_DRV_SetGlobalIntControl
                0x00000000        0x8 ./SDK/platform/drivers/src/pins/pins_driver.o
 .text.PINS_DRV_WritePins
                0x00000000        0x4 ./SDK/platform/drivers/src/pins/pins_driver.o
 .text.PINS_DRV_GetPinsOutput
                0x00000000        0x4 ./SDK/platform/drivers/src/pins/pins_driver.o
 .text.PINS_DRV_SetPins
                0x00000000        0x4 ./SDK/platform/drivers/src/pins/pins_driver.o
 .text.PINS_DRV_ClearPins
                0x00000000        0x4 ./SDK/platform/drivers/src/pins/pins_driver.o
 .text.PINS_DRV_ReadPins
                0x00000000        0x4 ./SDK/platform/drivers/src/pins/pins_driver.o
 .text          0x00000000        0x0 ./SDK/platform/drivers/src/pins/pins_port_hw_access.o
 .data          0x00000000        0x0 ./SDK/platform/drivers/src/pins/pins_port_hw_access.o
 .bss           0x00000000        0x0 ./SDK/platform/drivers/src/pins/pins_port_hw_access.o
 .text.PINS_SetMuxModeSel
                0x00000000       0x50 ./SDK/platform/drivers/src/pins/pins_port_hw_access.o
 .text.PINS_SetGlobalPinControl
                0x00000000       0x2c ./SDK/platform/drivers/src/pins/pins_port_hw_access.o
 .text.PINS_SetGlobalIntControl
                0x00000000       0x24 ./SDK/platform/drivers/src/pins/pins_port_hw_access.o
 .text          0x00000000        0x0 ./SDK/rtos/osif/osif_baremetal.o
 .data          0x00000000        0x0 ./SDK/rtos/osif/osif_baremetal.o
 .bss           0x00000000        0x0 ./SDK/rtos/osif/osif_baremetal.o
 .text.OSIF_TimeDelay
                0x00000000       0x60 ./SDK/rtos/osif/osif_baremetal.o
 .text.OSIF_GetMilliseconds
                0x00000000        0xc ./SDK/rtos/osif/osif_baremetal.o
 .text.OSIF_MutexLock
                0x00000000        0x4 ./SDK/rtos/osif/osif_baremetal.o
 .text.OSIF_MutexUnlock
                0x00000000        0x4 ./SDK/rtos/osif/osif_baremetal.o
 .text.OSIF_MutexCreate
                0x00000000        0x4 ./SDK/rtos/osif/osif_baremetal.o
 .text.OSIF_MutexDestroy
                0x00000000        0x4 ./SDK/rtos/osif/osif_baremetal.o
 .text          0x00000000        0x0 ./board/clock_config.o
 .data          0x00000000        0x0 ./board/clock_config.o
 .bss           0x00000000        0x0 ./board/clock_config.o
 .bss.g_clockManCallbacksArr
                0x00000000        0x4 ./board/clock_config.o
 .data.g_clockManConfigsArr
                0x00000000        0x4 ./board/clock_config.o
 .text          0x00000000        0x0 ./board/peripherals_edma_config_1.o
 .data          0x00000000        0x0 ./board/peripherals_edma_config_1.o
 .bss           0x00000000        0x0 ./board/peripherals_edma_config_1.o
 .bss.dmaControllerChn0_State
                0x00000000       0x10 ./board/peripherals_edma_config_1.o
 .bss.dmaController_State
                0x00000000       0x40 ./board/peripherals_edma_config_1.o
 .data.dmaControllerChn0_Config
                0x00000000       0x10 ./board/peripherals_edma_config_1.o
 .rodata.dmaController_InitConfig
                0x00000000        0x2 ./board/peripherals_edma_config_1.o
 .rodata.edmaChnConfigArray
                0x00000000        0x4 ./board/peripherals_edma_config_1.o
 .rodata.edmaChnStateArray
                0x00000000        0x4 ./board/peripherals_edma_config_1.o
 .debug_info    0x00000000      0x4d6 ./board/peripherals_edma_config_1.o
 .debug_abbrev  0x00000000       0xfd ./board/peripherals_edma_config_1.o
 .debug_aranges
                0x00000000       0x18 ./board/peripherals_edma_config_1.o
 .debug_line    0x00000000      0x1ee ./board/peripherals_edma_config_1.o
 .debug_str     0x00000000      0xa45 ./board/peripherals_edma_config_1.o
 .comment       0x00000000       0x7f ./board/peripherals_edma_config_1.o
 .ARM.attributes
                0x00000000       0x39 ./board/peripherals_edma_config_1.o
 .text          0x00000000        0x0 ./board/peripherals_flexTimer_pwm_1.o
 .data          0x00000000        0x0 ./board/peripherals_flexTimer_pwm_1.o
 .bss           0x00000000        0x0 ./board/peripherals_flexTimer_pwm_1.o
 .text          0x00000000        0x0 ./board/peripherals_lpuart_1.o
 .data          0x00000000        0x0 ./board/peripherals_lpuart_1.o
 .bss           0x00000000        0x0 ./board/peripherals_lpuart_1.o
 .text          0x00000000        0x0 ./board/peripherals_osif_1.o
 .data          0x00000000        0x0 ./board/peripherals_osif_1.o
 .bss           0x00000000        0x0 ./board/peripherals_osif_1.o
 .debug_info    0x00000000       0x64 ./board/peripherals_osif_1.o
 .debug_abbrev  0x00000000       0x26 ./board/peripherals_osif_1.o
 .debug_aranges
                0x00000000       0x18 ./board/peripherals_osif_1.o
 .debug_line    0x00000000       0x1d ./board/peripherals_osif_1.o
 .debug_str     0x00000000      0x23d ./board/peripherals_osif_1.o
 .comment       0x00000000       0x7f ./board/peripherals_osif_1.o
 .ARM.attributes
                0x00000000       0x39 ./board/peripherals_osif_1.o
 .text          0x00000000        0x0 ./board/pin_mux.o
 .data          0x00000000        0x0 ./board/pin_mux.o
 .bss           0x00000000        0x0 ./board/pin_mux.o
 .text          0x00000000        0x0 ./src/main.o
 .data          0x00000000        0x0 ./src/main.o
 .bss           0x00000000        0x0 ./src/main.o
 .bss.exit_code
                0x00000000        0x4 ./src/main.o
 .text          0x00000000        0x0 C:/NXP/S32DS.3.5/S32DS/build_tools/gcc_b1620/gcc-6.3-arm32-eabi/arm-none-eabi/newlib/lib/thumb/v7e-m/fpv4-sp/hard\libc_nano.a(lib_a-exit.o)
 .data          0x00000000        0x0 C:/NXP/S32DS.3.5/S32DS/build_tools/gcc_b1620/gcc-6.3-arm32-eabi/arm-none-eabi/newlib/lib/thumb/v7e-m/fpv4-sp/hard\libc_nano.a(lib_a-exit.o)
 .bss           0x00000000        0x0 C:/NXP/S32DS.3.5/S32DS/build_tools/gcc_b1620/gcc-6.3-arm32-eabi/arm-none-eabi/newlib/lib/thumb/v7e-m/fpv4-sp/hard\libc_nano.a(lib_a-exit.o)
 .text.exit     0x00000000       0x28 C:/NXP/S32DS.3.5/S32DS/build_tools/gcc_b1620/gcc-6.3-arm32-eabi/arm-none-eabi/newlib/lib/thumb/v7e-m/fpv4-sp/hard\libc_nano.a(lib_a-exit.o)
 .debug_frame   0x00000000       0x28 C:/NXP/S32DS.3.5/S32DS/build_tools/gcc_b1620/gcc-6.3-arm32-eabi/arm-none-eabi/newlib/lib/thumb/v7e-m/fpv4-sp/hard\libc_nano.a(lib_a-exit.o)
 .ARM.attributes
                0x00000000       0x34 C:/NXP/S32DS.3.5/S32DS/build_tools/gcc_b1620/gcc-6.3-arm32-eabi/arm-none-eabi/newlib/lib/thumb/v7e-m/fpv4-sp/hard\libc_nano.a(lib_a-exit.o)
 .text          0x00000000        0x0 C:/NXP/S32DS.3.5/S32DS/build_tools/gcc_b1620/gcc-6.3-arm32-eabi/arm-none-eabi/newlib/lib/thumb/v7e-m/fpv4-sp/hard\libc_nano.a(lib_a-impure.o)
 .data          0x00000000        0x0 C:/NXP/S32DS.3.5/S32DS/build_tools/gcc_b1620/gcc-6.3-arm32-eabi/arm-none-eabi/newlib/lib/thumb/v7e-m/fpv4-sp/hard\libc_nano.a(lib_a-impure.o)
 .bss           0x00000000        0x0 C:/NXP/S32DS.3.5/S32DS/build_tools/gcc_b1620/gcc-6.3-arm32-eabi/arm-none-eabi/newlib/lib/thumb/v7e-m/fpv4-sp/hard\libc_nano.a(lib_a-impure.o)
 .data._impure_ptr
                0x00000000        0x4 C:/NXP/S32DS.3.5/S32DS/build_tools/gcc_b1620/gcc-6.3-arm32-eabi/arm-none-eabi/newlib/lib/thumb/v7e-m/fpv4-sp/hard\libc_nano.a(lib_a-impure.o)
 .data.impure_data
                0x00000000       0x60 C:/NXP/S32DS.3.5/S32DS/build_tools/gcc_b1620/gcc-6.3-arm32-eabi/arm-none-eabi/newlib/lib/thumb/v7e-m/fpv4-sp/hard\libc_nano.a(lib_a-impure.o)
 .rodata._global_impure_ptr
                0x00000000        0x4 C:/NXP/S32DS.3.5/S32DS/build_tools/gcc_b1620/gcc-6.3-arm32-eabi/arm-none-eabi/newlib/lib/thumb/v7e-m/fpv4-sp/hard\libc_nano.a(lib_a-impure.o)
 .ARM.attributes
                0x00000000       0x34 C:/NXP/S32DS.3.5/S32DS/build_tools/gcc_b1620/gcc-6.3-arm32-eabi/arm-none-eabi/newlib/lib/thumb/v7e-m/fpv4-sp/hard\libc_nano.a(lib_a-impure.o)
 .text          0x00000000        0x0 C:/NXP/S32DS.3.5/S32DS/build_tools/gcc_b1620/gcc-6.3-arm32-eabi/arm-none-eabi/newlib/lib/thumb/v7e-m/fpv4-sp/hard\libc_nano.a(lib_a-init.o)
 .data          0x00000000        0x0 C:/NXP/S32DS.3.5/S32DS/build_tools/gcc_b1620/gcc-6.3-arm32-eabi/arm-none-eabi/newlib/lib/thumb/v7e-m/fpv4-sp/hard\libc_nano.a(lib_a-init.o)
 .bss           0x00000000        0x0 C:/NXP/S32DS.3.5/S32DS/build_tools/gcc_b1620/gcc-6.3-arm32-eabi/arm-none-eabi/newlib/lib/thumb/v7e-m/fpv4-sp/hard\libc_nano.a(lib_a-init.o)
 .text.__libc_init_array
                0x00000000       0x48 C:/NXP/S32DS.3.5/S32DS/build_tools/gcc_b1620/gcc-6.3-arm32-eabi/arm-none-eabi/newlib/lib/thumb/v7e-m/fpv4-sp/hard\libc_nano.a(lib_a-init.o)
 .debug_frame   0x00000000       0x2c C:/NXP/S32DS.3.5/S32DS/build_tools/gcc_b1620/gcc-6.3-arm32-eabi/arm-none-eabi/newlib/lib/thumb/v7e-m/fpv4-sp/hard\libc_nano.a(lib_a-init.o)
 .ARM.attributes
                0x00000000       0x34 C:/NXP/S32DS.3.5/S32DS/build_tools/gcc_b1620/gcc-6.3-arm32-eabi/arm-none-eabi/newlib/lib/thumb/v7e-m/fpv4-sp/hard\libc_nano.a(lib_a-init.o)
 .text          0x00000000        0x0 C:/NXP/S32DS.3.5/S32DS/build_tools/gcc_b1620/gcc-6.3-arm32-eabi/arm-none-eabi/newlib/lib/thumb/v7e-m/fpv4-sp/hard\libc_nano.a(lib_a-memset.o)
 .data          0x00000000        0x0 C:/NXP/S32DS.3.5/S32DS/build_tools/gcc_b1620/gcc-6.3-arm32-eabi/arm-none-eabi/newlib/lib/thumb/v7e-m/fpv4-sp/hard\libc_nano.a(lib_a-memset.o)
 .bss           0x00000000        0x0 C:/NXP/S32DS.3.5/S32DS/build_tools/gcc_b1620/gcc-6.3-arm32-eabi/arm-none-eabi/newlib/lib/thumb/v7e-m/fpv4-sp/hard\libc_nano.a(lib_a-memset.o)
 .text.memset   0x00000000       0x10 C:/NXP/S32DS.3.5/S32DS/build_tools/gcc_b1620/gcc-6.3-arm32-eabi/arm-none-eabi/newlib/lib/thumb/v7e-m/fpv4-sp/hard\libc_nano.a(lib_a-memset.o)
 .debug_frame   0x00000000       0x20 C:/NXP/S32DS.3.5/S32DS/build_tools/gcc_b1620/gcc-6.3-arm32-eabi/arm-none-eabi/newlib/lib/thumb/v7e-m/fpv4-sp/hard\libc_nano.a(lib_a-memset.o)
 .ARM.attributes
                0x00000000       0x34 C:/NXP/S32DS.3.5/S32DS/build_tools/gcc_b1620/gcc-6.3-arm32-eabi/arm-none-eabi/newlib/lib/thumb/v7e-m/fpv4-sp/hard\libc_nano.a(lib_a-memset.o)
 .text          0x00000000        0x0 C:/NXP/S32DS.3.5/S32DS/build_tools/gcc_b1620/gcc-6.3-arm32-eabi/arm-none-eabi/newlib/lib/thumb/v7e-m/fpv4-sp/hard\libnosys.a(_exit.o)
 .data          0x00000000        0x0 C:/NXP/S32DS.3.5/S32DS/build_tools/gcc_b1620/gcc-6.3-arm32-eabi/arm-none-eabi/newlib/lib/thumb/v7e-m/fpv4-sp/hard\libnosys.a(_exit.o)
 .bss           0x00000000        0x0 C:/NXP/S32DS.3.5/S32DS/build_tools/gcc_b1620/gcc-6.3-arm32-eabi/arm-none-eabi/newlib/lib/thumb/v7e-m/fpv4-sp/hard\libnosys.a(_exit.o)
 .text._exit    0x00000000        0x2 C:/NXP/S32DS.3.5/S32DS/build_tools/gcc_b1620/gcc-6.3-arm32-eabi/arm-none-eabi/newlib/lib/thumb/v7e-m/fpv4-sp/hard\libnosys.a(_exit.o)
 .debug_frame   0x00000000       0x20 C:/NXP/S32DS.3.5/S32DS/build_tools/gcc_b1620/gcc-6.3-arm32-eabi/arm-none-eabi/newlib/lib/thumb/v7e-m/fpv4-sp/hard\libnosys.a(_exit.o)
 .ARM.attributes
                0x00000000       0x34 C:/NXP/S32DS.3.5/S32DS/build_tools/gcc_b1620/gcc-6.3-arm32-eabi/arm-none-eabi/newlib/lib/thumb/v7e-m/fpv4-sp/hard\libnosys.a(_exit.o)
 .text          0x00000000        0x0 c:/nxp/s32ds.3.5/s32ds/build_tools/gcc_b1620/gcc-6.3-arm32-eabi/bin/../lib/gcc/arm-none-eabi/6.3.1/thumb/v7e-m/fpv4-sp/hard/crtend.o
 .data          0x00000000        0x0 c:/nxp/s32ds.3.5/s32ds/build_tools/gcc_b1620/gcc-6.3-arm32-eabi/bin/../lib/gcc/arm-none-eabi/6.3.1/thumb/v7e-m/fpv4-sp/hard/crtend.o
 .bss           0x00000000        0x0 c:/nxp/s32ds.3.5/s32ds/build_tools/gcc_b1620/gcc-6.3-arm32-eabi/bin/../lib/gcc/arm-none-eabi/6.3.1/thumb/v7e-m/fpv4-sp/hard/crtend.o
 .eh_frame      0x00000000        0x4 c:/nxp/s32ds.3.5/s32ds/build_tools/gcc_b1620/gcc-6.3-arm32-eabi/bin/../lib/gcc/arm-none-eabi/6.3.1/thumb/v7e-m/fpv4-sp/hard/crtend.o
 .jcr           0x00000000        0x4 c:/nxp/s32ds.3.5/s32ds/build_tools/gcc_b1620/gcc-6.3-arm32-eabi/bin/../lib/gcc/arm-none-eabi/6.3.1/thumb/v7e-m/fpv4-sp/hard/crtend.o
 .tm_clone_table
                0x00000000        0x0 c:/nxp/s32ds.3.5/s32ds/build_tools/gcc_b1620/gcc-6.3-arm32-eabi/bin/../lib/gcc/arm-none-eabi/6.3.1/thumb/v7e-m/fpv4-sp/hard/crtend.o
 .comment       0x00000000       0x7f c:/nxp/s32ds.3.5/s32ds/build_tools/gcc_b1620/gcc-6.3-arm32-eabi/bin/../lib/gcc/arm-none-eabi/6.3.1/thumb/v7e-m/fpv4-sp/hard/crtend.o
 .ARM.attributes
                0x00000000       0x34 c:/nxp/s32ds.3.5/s32ds/build_tools/gcc_b1620/gcc-6.3-arm32-eabi/bin/../lib/gcc/arm-none-eabi/6.3.1/thumb/v7e-m/fpv4-sp/hard/crtend.o
 .text          0x00000000        0x0 c:/nxp/s32ds.3.5/s32ds/build_tools/gcc_b1620/gcc-6.3-arm32-eabi/bin/../lib/gcc/arm-none-eabi/6.3.1/thumb/v7e-m/fpv4-sp/hard/crtn.o
 .data          0x00000000        0x0 c:/nxp/s32ds.3.5/s32ds/build_tools/gcc_b1620/gcc-6.3-arm32-eabi/bin/../lib/gcc/arm-none-eabi/6.3.1/thumb/v7e-m/fpv4-sp/hard/crtn.o
 .bss           0x00000000        0x0 c:/nxp/s32ds.3.5/s32ds/build_tools/gcc_b1620/gcc-6.3-arm32-eabi/bin/../lib/gcc/arm-none-eabi/6.3.1/thumb/v7e-m/fpv4-sp/hard/crtn.o
 .init          0x00000000        0x8 c:/nxp/s32ds.3.5/s32ds/build_tools/gcc_b1620/gcc-6.3-arm32-eabi/bin/../lib/gcc/arm-none-eabi/6.3.1/thumb/v7e-m/fpv4-sp/hard/crtn.o
 .fini          0x00000000        0x8 c:/nxp/s32ds.3.5/s32ds/build_tools/gcc_b1620/gcc-6.3-arm32-eabi/bin/../lib/gcc/arm-none-eabi/6.3.1/thumb/v7e-m/fpv4-sp/hard/crtn.o
 .ARM.attributes
                0x00000000       0x22 c:/nxp/s32ds.3.5/s32ds/build_tools/gcc_b1620/gcc-6.3-arm32-eabi/bin/../lib/gcc/arm-none-eabi/6.3.1/thumb/v7e-m/fpv4-sp/hard/crtn.o

Memory Configuration

Name             Origin             Length             Attributes
m_interrupts     0x00000000         0x00000400         xr
m_flash_config   0x00000400         0x00000010         xr
m_text           0x00000410         0x0007fbf0         xr
m_data           0x1fff8000         0x00008000         rw
m_data_2         0x20000000         0x00007000         rw
*default*        0x00000000         0xffffffff

Linker script and memory map

LOAD c:/nxp/s32ds.3.5/s32ds/build_tools/gcc_b1620/gcc-6.3-arm32-eabi/bin/../lib/gcc/arm-none-eabi/6.3.1/thumb/v7e-m/fpv4-sp/hard/crti.o
LOAD c:/nxp/s32ds.3.5/s32ds/build_tools/gcc_b1620/gcc-6.3-arm32-eabi/bin/../lib/gcc/arm-none-eabi/6.3.1/thumb/v7e-m/fpv4-sp/hard/crtbegin.o
LOAD C:/NXP/S32DS.3.5/S32DS/build_tools/gcc_b1620/gcc-6.3-arm32-eabi/arm-none-eabi/newlib/lib/thumb/v7e-m/fpv4-sp/hard/crt0.o
LOAD ./Project_Settings/Startup_Code/startup_S32K144.o
LOAD ./SDK/platform/devices/S32K144/startup/system_S32K144.o
LOAD ./SDK/platform/devices/startup.o
LOAD ./SDK/platform/drivers/src/clock/S32K1xx/clock_S32K1xx.o
LOAD ./SDK/platform/drivers/src/edma/edma_driver.o
LOAD ./SDK/platform/drivers/src/edma/edma_hw_access.o
LOAD ./SDK/platform/drivers/src/edma/edma_irq.o
LOAD ./SDK/platform/drivers/src/ftm/ftm_common.o
LOAD ./SDK/platform/drivers/src/ftm/ftm_hw_access.o
LOAD ./SDK/platform/drivers/src/ftm/ftm_pwm_driver.o
LOAD ./SDK/platform/drivers/src/interrupt/interrupt_manager.o
LOAD ./SDK/platform/drivers/src/lpuart/lpuart_driver.o
LOAD ./SDK/platform/drivers/src/lpuart/lpuart_hw_access.o
LOAD ./SDK/platform/drivers/src/lpuart/lpuart_irq.o
LOAD ./SDK/platform/drivers/src/pins/pins_driver.o
LOAD ./SDK/platform/drivers/src/pins/pins_port_hw_access.o
LOAD ./SDK/rtos/osif/osif_baremetal.o
LOAD ./board/clock_config.o
LOAD ./board/peripherals_edma_config_1.o
LOAD ./board/peripherals_flexTimer_pwm_1.o
LOAD ./board/peripherals_lpuart_1.o
LOAD ./board/peripherals_osif_1.o
LOAD ./board/pin_mux.o
LOAD ./src/main.o
START GROUP
LOAD c:/nxp/s32ds.3.5/s32ds/build_tools/gcc_b1620/gcc-6.3-arm32-eabi/bin/../lib/gcc/arm-none-eabi/6.3.1/thumb/v7e-m/fpv4-sp/hard\libgcc.a
LOAD C:/NXP/S32DS.3.5/S32DS/build_tools/gcc_b1620/gcc-6.3-arm32-eabi/arm-none-eabi/newlib/lib/thumb/v7e-m/fpv4-sp/hard\libc_nano.a
END GROUP
START GROUP
LOAD c:/nxp/s32ds.3.5/s32ds/build_tools/gcc_b1620/gcc-6.3-arm32-eabi/bin/../lib/gcc/arm-none-eabi/6.3.1/thumb/v7e-m/fpv4-sp/hard\libgcc.a
LOAD C:/NXP/S32DS.3.5/S32DS/build_tools/gcc_b1620/gcc-6.3-arm32-eabi/arm-none-eabi/newlib/lib/thumb/v7e-m/fpv4-sp/hard\libc_nano.a
LOAD C:/NXP/S32DS.3.5/S32DS/build_tools/gcc_b1620/gcc-6.3-arm32-eabi/arm-none-eabi/newlib/lib/thumb/v7e-m/fpv4-sp/hard\libnosys.a
END GROUP
START GROUP
LOAD c:/nxp/s32ds.3.5/s32ds/build_tools/gcc_b1620/gcc-6.3-arm32-eabi/bin/../lib/gcc/arm-none-eabi/6.3.1/thumb/v7e-m/fpv4-sp/hard\libgcc.a
LOAD C:/NXP/S32DS.3.5/S32DS/build_tools/gcc_b1620/gcc-6.3-arm32-eabi/arm-none-eabi/newlib/lib/thumb/v7e-m/fpv4-sp/hard\libc_nano.a
LOAD C:/NXP/S32DS.3.5/S32DS/build_tools/gcc_b1620/gcc-6.3-arm32-eabi/arm-none-eabi/newlib/lib/thumb/v7e-m/fpv4-sp/hard\libnosys.a
END GROUP
LOAD c:/nxp/s32ds.3.5/s32ds/build_tools/gcc_b1620/gcc-6.3-arm32-eabi/bin/../lib/gcc/arm-none-eabi/6.3.1/thumb/v7e-m/fpv4-sp/hard/crtend.o
LOAD c:/nxp/s32ds.3.5/s32ds/build_tools/gcc_b1620/gcc-6.3-arm32-eabi/bin/../lib/gcc/arm-none-eabi/6.3.1/thumb/v7e-m/fpv4-sp/hard/crtn.o
                0x00000400                HEAP_SIZE = DEFINED (__heap_size__)?__heap_size__:0x400
                0x00000400                STACK_SIZE = DEFINED (__stack_size__)?__stack_size__:0x400
                0x00000400                M_VECTOR_RAM_SIZE = DEFINED (__flash_vector_table__)?0x0:0x400

.interrupts     0x00000000      0x400
                0x00000000                __VECTOR_TABLE = .
                0x00000000                __interrupts_start__ = .
                0x00000000                . = ALIGN (0x4)
 *(.isr_vector)
 .isr_vector    0x00000000      0x400 ./Project_Settings/Startup_Code/startup_S32K144.o
                0x00000000                __isr_vector
                0x00000400                __interrupts_end__ = .
                0x00000400                . = ALIGN (0x4)

.flash_config   0x00000400       0x10
                0x00000400                . = ALIGN (0x4)
 *(.FlashConfig)
 .FlashConfig   0x00000400       0x10 ./Project_Settings/Startup_Code/startup_S32K144.o
                0x00000410                . = ALIGN (0x4)

.text           0x00000410     0x3a3c
                0x00000410                . = ALIGN (0x4)
 *(.text)
 .text          0x00000410       0x4c ./Project_Settings/Startup_Code/startup_S32K144.o
                0x00000410                Reset_Handler
                0x00000458                DebugMon_Handler
                0x00000458                Reserved88_IRQHandler
                0x00000458                CAN0_ORed_IRQHandler
                0x00000458                HardFault_Handler
                0x00000458                Reserved86_IRQHandler
                0x00000458                Reserved103_IRQHandler
                0x00000458                FTM2_Ovf_Reload_IRQHandler
                0x00000458                Reserved50_IRQHandler
                0x00000458                FTFC_Fault_IRQHandler
                0x00000458                FTM0_Ch6_Ch7_IRQHandler
                0x00000458                Reserved114_IRQHandler
                0x00000458                PendSV_Handler
                0x00000458                NMI_Handler
                0x00000458                Reserved89_IRQHandler
                0x00000458                ERM_double_fault_IRQHandler
                0x00000458                Reserved59_IRQHandler
                0x00000458                LPIT0_Ch0_IRQHandler
                0x00000458                Reserved99_IRQHandler
                0x00000458                FTM3_Ch6_Ch7_IRQHandler
                0x00000458                CAN2_ORed_0_15_MB_IRQHandler
                0x00000458                LPIT0_Ch3_IRQHandler
                0x00000458                Reserved92_IRQHandler
                0x00000458                FTM0_Ch4_Ch5_IRQHandler
                0x00000458                CAN1_Error_IRQHandler
                0x00000458                FTM3_Ch0_Ch1_IRQHandler
                0x00000458                SWI_IRQHandler
                0x00000458                ADC0_IRQHandler
                0x00000458                FTM2_Ch4_Ch5_IRQHandler
                0x00000458                UsageFault_Handler
                0x00000458                FTM0_Ovf_Reload_IRQHandler
                0x00000458                DefaultISR
                0x00000458                Reserved58_IRQHandler
                0x00000458                CAN1_ORed_0_15_MB_IRQHandler
                0x00000458                FTM1_Ch2_Ch3_IRQHandler
                0x00000458                Reserved82_IRQHandler
                0x00000458                CAN0_ORed_16_31_MB_IRQHandler
                0x00000458                LPI2C0_Slave_IRQHandler
                0x00000458                Reserved71_IRQHandler
                0x00000458                PORTD_IRQHandler
                0x00000458                Reserved69_IRQHandler
                0x00000458                PORTB_IRQHandler
                0x00000458                Reserved70_IRQHandler
                0x00000458                ADC1_IRQHandler
                0x00000458                FTM2_Ch2_Ch3_IRQHandler
                0x00000458                Reserved53_IRQHandler
                0x00000458                RTC_IRQHandler
                0x00000458                PDB0_IRQHandler
                0x00000458                Reserved54_IRQHandler
                0x00000458                FTM2_Ch6_Ch7_IRQHandler
                0x00000458                FTM3_Ch2_Ch3_IRQHandler
                0x00000458                FTM2_Ch0_Ch1_IRQHandler
                0x00000458                LPSPI1_IRQHandler
                0x00000458                LPUART1_RxTx_IRQHandler
                0x00000458                RTC_Seconds_IRQHandler
                0x00000458                CAN2_ORed_IRQHandler
                0x00000458                Reserved72_IRQHandler
                0x00000458                Reserved110_IRQHandler
                0x00000458                Reserved107_IRQHandler
                0x00000458                Read_Collision_IRQHandler
                0x00000458                CAN2_Error_IRQHandler
                0x00000458                FTFC_IRQHandler
                0x00000458                FTM1_Ch6_Ch7_IRQHandler
                0x00000458                Reserved105_IRQHandler
                0x00000458                LPIT0_Ch1_IRQHandler
                0x00000458                FTM1_Ch4_Ch5_IRQHandler
                0x00000458                FTM3_Ovf_Reload_IRQHandler
                0x00000458                LPUART2_RxTx_IRQHandler
                0x00000458                LPSPI0_IRQHandler
                0x00000458                WDOG_EWM_IRQHandler
                0x00000458                MemManage_Handler
                0x00000458                Reserved90_IRQHandler
                0x00000458                Reserved83_IRQHandler
                0x00000458                FTM0_Fault_IRQHandler
                0x00000458                Reserved48_IRQHandler
                0x00000458                SVC_Handler
                0x00000458                ERM_single_fault_IRQHandler
                0x00000458                FTM2_Fault_IRQHandler
                0x00000458                FTM0_Ch2_Ch3_IRQHandler
                0x00000458                FTM0_Ch0_Ch1_IRQHandler
                0x00000458                FTM3_Fault_IRQHandler
                0x00000458                RCM_IRQHandler
                0x00000458                Reserved100_IRQHandler
                0x00000458                Reserved91_IRQHandler
                0x00000458                CAN1_ORed_IRQHandler
                0x00000458                SCG_IRQHandler
                0x00000458                PDB1_IRQHandler
                0x00000458                Reserved81_IRQHandler
                0x00000458                Reserved46_IRQHandler
                0x00000458                Reserved45_IRQHandler
                0x00000458                CAN0_Error_IRQHandler
                0x00000458                Reserved112_IRQHandler
                0x00000458                LPI2C0_Master_IRQHandler
                0x00000458                FTM1_Fault_IRQHandler
                0x00000458                Reserved106_IRQHandler
                0x00000458                LVD_LVW_IRQHandler
                0x00000458                LPIT0_Ch2_IRQHandler
                0x00000458                PORTA_IRQHandler
                0x00000458                MCM_IRQHandler
                0x00000458                LPSPI2_IRQHandler
                0x00000458                FTM3_Ch4_Ch5_IRQHandler
                0x00000458                CAN0_ORed_0_15_MB_IRQHandler
                0x00000458                PORTE_IRQHandler
                0x00000458                LPUART0_RxTx_IRQHandler
                0x00000458                LPTMR0_IRQHandler
                0x00000458                BusFault_Handler
                0x00000458                Reserved87_IRQHandler
                0x00000458                FTM1_Ovf_Reload_IRQHandler
                0x00000458                Reserved93_IRQHandler
                0x00000458                CAN0_Wake_Up_IRQHandler
                0x00000458                CMP0_IRQHandler
                0x00000458                Reserved52_IRQHandler
                0x00000458                PORTC_IRQHandler
                0x00000458                FTM1_Ch0_Ch1_IRQHandler
                0x00000458                FLEXIO_IRQHandler
                0x00000458                Reserved113_IRQHandler
 *(.text*)
 .text.SystemInit
                0x0000045c       0x3c ./SDK/platform/devices/S32K144/startup/system_S32K144.o
                0x0000045c                SystemInit
 .text.init_data_bss
                0x00000498       0xd8 ./SDK/platform/devices/startup.o
                0x00000498                init_data_bss
 .text.CLOCK_SYS_GetCurrentRunMode
                0x00000570       0x24 ./SDK/platform/drivers/src/clock/S32K1xx/clock_S32K1xx.o
 .text.CLOCK_SYS_GetSysOscFreq
                0x00000594       0x1c ./SDK/platform/drivers/src/clock/S32K1xx/clock_S32K1xx.o
 .text.CLOCK_SYS_ConfigureSOSC
                0x000005b0      0x12c ./SDK/platform/drivers/src/clock/S32K1xx/clock_S32K1xx.o
 .text.CLOCK_SYS_GetSircFreq
                0x000006dc       0x2c ./SDK/platform/drivers/src/clock/S32K1xx/clock_S32K1xx.o
 .text.CLOCK_SYS_ConfigureSIRC
                0x00000708       0xc4 ./SDK/platform/drivers/src/clock/S32K1xx/clock_S32K1xx.o
 .text.CLOCK_SYS_GetFircFreq
                0x000007cc       0x20 ./SDK/platform/drivers/src/clock/S32K1xx/clock_S32K1xx.o
 .text.CLOCK_SYS_ConfigureFIRC
                0x000007ec       0xb4 ./SDK/platform/drivers/src/clock/S32K1xx/clock_S32K1xx.o
 .text.CLOCK_SYS_GetSysPllFreq
                0x000008a0       0x44 ./SDK/platform/drivers/src/clock/S32K1xx/clock_S32K1xx.o
 .text.CLOCK_SYS_ConfigureSPLL
                0x000008e4      0x104 ./SDK/platform/drivers/src/clock/S32K1xx/clock_S32K1xx.o
 .text.CLOCK_SYS_SetSystemClockConfig
                0x000009e8      0x1e4 ./SDK/platform/drivers/src/clock/S32K1xx/clock_S32K1xx.o
 .text.CLOCK_SYS_TransitionSystemClock
                0x00000bcc       0x3c ./SDK/platform/drivers/src/clock/S32K1xx/clock_S32K1xx.o
 .text.CLOCK_SYS_GetSystemClockFreq
                0x00000c08       0x78 ./SDK/platform/drivers/src/clock/S32K1xx/clock_S32K1xx.o
 .text.CLOCK_SYS_GetScgClkOutFreq
                0x00000c80       0x48 ./SDK/platform/drivers/src/clock/S32K1xx/clock_S32K1xx.o
 .text.CLOCK_SYS_GetSysAsyncFreq
                0x00000cc8       0xdc ./SDK/platform/drivers/src/clock/S32K1xx/clock_S32K1xx.o
 .text.CLOCK_SYS_GetSimRtcClkFreq
                0x00000da4       0x50 ./SDK/platform/drivers/src/clock/S32K1xx/clock_S32K1xx.o
 .text.CLOCK_SYS_GetLpoFreq
                0x00000df4       0x4c ./SDK/platform/drivers/src/clock/S32K1xx/clock_S32K1xx.o
 .text.CLOCK_SYS_GetSimClkOutFreq
                0x00000e40       0xac ./SDK/platform/drivers/src/clock/S32K1xx/clock_S32K1xx.o
 .text.CLOCK_SYS_GetSimClockFreq
                0x00000eec      0x1a8 ./SDK/platform/drivers/src/clock/S32K1xx/clock_S32K1xx.o
 .text.CLOCK_SYS_GetPeripheralClock
                0x00001094       0xcc ./SDK/platform/drivers/src/clock/S32K1xx/clock_S32K1xx.o
 .text.CLOCK_DRV_Init
                0x00001160      0x618 ./SDK/platform/drivers/src/clock/S32K1xx/clock_S32K1xx.o
                0x00001160                CLOCK_DRV_Init
 .text.CLOCK_DRV_GetFreq
                0x00001778      0x230 ./SDK/platform/drivers/src/clock/S32K1xx/clock_S32K1xx.o
                0x00001778                CLOCK_DRV_GetFreq
 .text.CLOCK_SYS_GetFreq
                0x000019a8        0x8 ./SDK/platform/drivers/src/clock/S32K1xx/clock_S32K1xx.o
                0x000019a8                CLOCK_SYS_GetFreq
 .text.EDMA_DRV_InstallCallback
                0x000019b0       0x20 ./SDK/platform/drivers/src/edma/edma_driver.o
                0x000019b0                EDMA_DRV_InstallCallback
 .text.EDMA_DRV_IRQHandler
                0x000019d0       0x2c ./SDK/platform/drivers/src/edma/edma_driver.o
                0x000019d0                EDMA_DRV_IRQHandler
 .text.EDMA_DRV_ErrorIRQHandler
                0x000019fc       0x3c ./SDK/platform/drivers/src/edma/edma_driver.o
                0x000019fc                EDMA_DRV_ErrorIRQHandler
 .text.EDMA_DRV_ConfigSingleBlockTransfer
                0x00001a38      0x154 ./SDK/platform/drivers/src/edma/edma_driver.o
                0x00001a38                EDMA_DRV_ConfigSingleBlockTransfer
 .text.EDMA_DRV_ConfigMultiBlockTransfer
                0x00001b8c       0x64 ./SDK/platform/drivers/src/edma/edma_driver.o
                0x00001b8c                EDMA_DRV_ConfigMultiBlockTransfer
 .text.EDMA_DRV_StartChannel
                0x00001bf0       0x18 ./SDK/platform/drivers/src/edma/edma_driver.o
                0x00001bf0                EDMA_DRV_StartChannel
 .text.EDMA_DRV_StopChannel
                0x00001c08       0x18 ./SDK/platform/drivers/src/edma/edma_driver.o
                0x00001c08                EDMA_DRV_StopChannel
 .text.EDMA_DRV_SetDestAddr
                0x00001c20       0x16 ./SDK/platform/drivers/src/edma/edma_driver.o
                0x00001c20                EDMA_DRV_SetDestAddr
 *fill*         0x00001c36        0x2 
 .text.EDMA_DRV_SetMajorLoopIterationCount
                0x00001c38       0x14 ./SDK/platform/drivers/src/edma/edma_driver.o
                0x00001c38                EDMA_DRV_SetMajorLoopIterationCount
 .text.EDMA_DRV_GetDmaRegBaseAddr
                0x00001c4c        0x8 ./SDK/platform/drivers/src/edma/edma_driver.o
                0x00001c4c                EDMA_DRV_GetDmaRegBaseAddr
 .text.EDMA_SetDmaRequestCmd
                0x00001c54        0xa ./SDK/platform/drivers/src/edma/edma_hw_access.o
                0x00001c54                EDMA_SetDmaRequestCmd
 .text.EDMA_TCDClearReg
                0x00001c5e       0x4a ./SDK/platform/drivers/src/edma/edma_hw_access.o
                0x00001c5e                EDMA_TCDClearReg
 .text.EDMA_TCDSetAttribute
                0x00001ca8       0x30 ./SDK/platform/drivers/src/edma/edma_hw_access.o
                0x00001ca8                EDMA_TCDSetAttribute
 .text.EDMA_TCDSetNbytes
                0x00001cd8       0x5c ./SDK/platform/drivers/src/edma/edma_hw_access.o
                0x00001cd8                EDMA_TCDSetNbytes
 .text.EDMA_TCDSetMajorCount
                0x00001d34       0x5e ./SDK/platform/drivers/src/edma/edma_hw_access.o
                0x00001d34                EDMA_TCDSetMajorCount
 .text.DMA0_IRQHandler
                0x00001d92        0xa ./SDK/platform/drivers/src/edma/edma_irq.o
                0x00001d92                DMA0_IRQHandler
 .text.DMA1_IRQHandler
                0x00001d9c        0xa ./SDK/platform/drivers/src/edma/edma_irq.o
                0x00001d9c                DMA1_IRQHandler
 .text.DMA2_IRQHandler
                0x00001da6        0xa ./SDK/platform/drivers/src/edma/edma_irq.o
                0x00001da6                DMA2_IRQHandler
 .text.DMA3_IRQHandler
                0x00001db0        0xa ./SDK/platform/drivers/src/edma/edma_irq.o
                0x00001db0                DMA3_IRQHandler
 .text.DMA4_IRQHandler
                0x00001dba        0xa ./SDK/platform/drivers/src/edma/edma_irq.o
                0x00001dba                DMA4_IRQHandler
 .text.DMA5_IRQHandler
                0x00001dc4        0xa ./SDK/platform/drivers/src/edma/edma_irq.o
                0x00001dc4                DMA5_IRQHandler
 .text.DMA6_IRQHandler
                0x00001dce        0xa ./SDK/platform/drivers/src/edma/edma_irq.o
                0x00001dce                DMA6_IRQHandler
 .text.DMA7_IRQHandler
                0x00001dd8        0xa ./SDK/platform/drivers/src/edma/edma_irq.o
                0x00001dd8                DMA7_IRQHandler
 .text.DMA8_IRQHandler
                0x00001de2        0xa ./SDK/platform/drivers/src/edma/edma_irq.o
                0x00001de2                DMA8_IRQHandler
 .text.DMA9_IRQHandler
                0x00001dec        0xa ./SDK/platform/drivers/src/edma/edma_irq.o
                0x00001dec                DMA9_IRQHandler
 .text.DMA10_IRQHandler
                0x00001df6        0xa ./SDK/platform/drivers/src/edma/edma_irq.o
                0x00001df6                DMA10_IRQHandler
 .text.DMA11_IRQHandler
                0x00001e00        0xa ./SDK/platform/drivers/src/edma/edma_irq.o
                0x00001e00                DMA11_IRQHandler
 .text.DMA12_IRQHandler
                0x00001e0a        0xa ./SDK/platform/drivers/src/edma/edma_irq.o
                0x00001e0a                DMA12_IRQHandler
 .text.DMA13_IRQHandler
                0x00001e14        0xa ./SDK/platform/drivers/src/edma/edma_irq.o
                0x00001e14                DMA13_IRQHandler
 .text.DMA14_IRQHandler
                0x00001e1e        0xa ./SDK/platform/drivers/src/edma/edma_irq.o
                0x00001e1e                DMA14_IRQHandler
 .text.DMA15_IRQHandler
                0x00001e28        0xa ./SDK/platform/drivers/src/edma/edma_irq.o
                0x00001e28                DMA15_IRQHandler
 .text.DMA_Error_IRQHandler
                0x00001e32       0x28 ./SDK/platform/drivers/src/edma/edma_irq.o
                0x00001e32                DMA_Error_IRQHandler
 *fill*         0x00001e5a        0x2 
 .text.FTM_DRV_SetSync
                0x00001e5c      0x1bc ./SDK/platform/drivers/src/ftm/ftm_common.o
                0x00001e5c                FTM_DRV_SetSync
 .text.FTM_DRV_GetFrequency
                0x00002018       0x64 ./SDK/platform/drivers/src/ftm/ftm_common.o
                0x00002018                FTM_DRV_GetFrequency
 .text.FTM_DRV_Init
                0x0000207c       0xe0 ./SDK/platform/drivers/src/ftm/ftm_common.o
                0x0000207c                FTM_DRV_Init
 .text.FTM_DRV_ConvertFreqToPeriodTicks
                0x0000215c       0x14 ./SDK/platform/drivers/src/ftm/ftm_common.o
                0x0000215c                FTM_DRV_ConvertFreqToPeriodTicks
 .text.FTM_DRV_InitModule
                0x00002170       0x18 ./SDK/platform/drivers/src/ftm/ftm_hw_access.o
                0x00002170                FTM_DRV_InitModule
 .text.FTM_DRV_Reset
                0x00002188       0x66 ./SDK/platform/drivers/src/ftm/ftm_hw_access.o
                0x00002188                FTM_DRV_Reset
 .text.FTM_DRV_SetChnTriggerCmd
                0x000021ee       0x32 ./SDK/platform/drivers/src/ftm/ftm_hw_access.o
                0x000021ee                FTM_DRV_SetChnTriggerCmd
 .text.FTM_DRV_UpdatePwmChannel
                0x00002220      0x10c ./SDK/platform/drivers/src/ftm/ftm_pwm_driver.o
                0x00002220                FTM_DRV_UpdatePwmChannel
 .text.FTM_DRV_InitPwm
                0x0000232c      0x638 ./SDK/platform/drivers/src/ftm/ftm_pwm_driver.o
                0x0000232c                FTM_DRV_InitPwm
 .text.INT_SYS_InstallHandler
                0x00002964       0x40 ./SDK/platform/drivers/src/interrupt/interrupt_manager.o
                0x00002964                INT_SYS_InstallHandler
 .text.INT_SYS_EnableIRQ
                0x000029a4       0x18 ./SDK/platform/drivers/src/interrupt/interrupt_manager.o
                0x000029a4                INT_SYS_EnableIRQ
 .text.INT_SYS_DisableIRQ
                0x000029bc       0x1c ./SDK/platform/drivers/src/interrupt/interrupt_manager.o
                0x000029bc                INT_SYS_DisableIRQ
 .text.INT_SYS_EnableIRQGlobal
                0x000029d8       0x1c ./SDK/platform/drivers/src/interrupt/interrupt_manager.o
                0x000029d8                INT_SYS_EnableIRQGlobal
 .text.INT_SYS_DisableIRQGlobal
                0x000029f4       0x10 ./SDK/platform/drivers/src/interrupt/interrupt_manager.o
                0x000029f4                INT_SYS_DisableIRQGlobal
 .text.LPUART_DRV_CompleteSendDataUsingInt
                0x00002a04       0x64 ./SDK/platform/drivers/src/lpuart/lpuart_driver.o
 .text.LPUART_DRV_StopTxDma
                0x00002a68       0x64 ./SDK/platform/drivers/src/lpuart/lpuart_driver.o
 .text.LPUART_DRV_PutData
                0x00002acc       0x44 ./SDK/platform/drivers/src/lpuart/lpuart_driver.o
 .text.LPUART_DRV_StartReceiveDataUsingInt
                0x00002b10       0x54 ./SDK/platform/drivers/src/lpuart/lpuart_driver.o
 .text.LPUART_DRV_StartReceiveDataUsingDma
                0x00002b64       0x9c ./SDK/platform/drivers/src/lpuart/lpuart_driver.o
 .text.LPUART_DRV_CompleteReceiveDataUsingInt
                0x00002c00       0x64 ./SDK/platform/drivers/src/lpuart/lpuart_driver.o
 .text.LPUART_DRV_StopRxDma
                0x00002c64       0x64 ./SDK/platform/drivers/src/lpuart/lpuart_driver.o
 .text.LPUART_DRV_RxDmaCallback
                0x00002cc8       0xa4 ./SDK/platform/drivers/src/lpuart/lpuart_driver.o
 .text.LPUART_DRV_GetData
                0x00002d6c       0x5c ./SDK/platform/drivers/src/lpuart/lpuart_driver.o
 .text.LPUART_DRV_Deinit
                0x00002dc8       0x74 ./SDK/platform/drivers/src/lpuart/lpuart_driver.o
                0x00002dc8                LPUART_DRV_Deinit
 .text.LPUART_DRV_AbortSendingData
                0x00002e3c       0x2c ./SDK/platform/drivers/src/lpuart/lpuart_driver.o
                0x00002e3c                LPUART_DRV_AbortSendingData
 .text.LPUART_DRV_ReceiveDataBlocking
                0x00002e68       0x5c ./SDK/platform/drivers/src/lpuart/lpuart_driver.o
                0x00002e68                LPUART_DRV_ReceiveDataBlocking
 .text.LPUART_DRV_AbortReceivingData
                0x00002ec4       0x2c ./SDK/platform/drivers/src/lpuart/lpuart_driver.o
                0x00002ec4                LPUART_DRV_AbortReceivingData
 .text.LPUART_DRV_SetBaudRate
                0x00002ef0       0xf0 ./SDK/platform/drivers/src/lpuart/lpuart_driver.o
                0x00002ef0                LPUART_DRV_SetBaudRate
 .text.LPUART_DRV_Init
                0x00002fe0       0xe0 ./SDK/platform/drivers/src/lpuart/lpuart_driver.o
                0x00002fe0                LPUART_DRV_Init
 .text.LPUART_DRV_IRQHandler
                0x000030c0      0x284 ./SDK/platform/drivers/src/lpuart/lpuart_driver.o
                0x000030c0                LPUART_DRV_IRQHandler
 .text.LPUART_Init
                0x00003344       0x24 ./SDK/platform/drivers/src/lpuart/lpuart_hw_access.o
                0x00003344                LPUART_Init
 .text.LPUART_SetBitCountPerChar
                0x00003368       0x30 ./SDK/platform/drivers/src/lpuart/lpuart_hw_access.o
                0x00003368                LPUART_SetBitCountPerChar
 .text.LPUART_SetParityMode
                0x00003398       0x1e ./SDK/platform/drivers/src/lpuart/lpuart_hw_access.o
                0x00003398                LPUART_SetParityMode
 .text.LPUART_Putchar9
                0x000033b6       0x16 ./SDK/platform/drivers/src/lpuart/lpuart_hw_access.o
                0x000033b6                LPUART_Putchar9
 .text.LPUART_Putchar10
                0x000033cc       0x22 ./SDK/platform/drivers/src/lpuart/lpuart_hw_access.o
                0x000033cc                LPUART_Putchar10
 .text.LPUART_Getchar9
                0x000033ee       0x12 ./SDK/platform/drivers/src/lpuart/lpuart_hw_access.o
                0x000033ee                LPUART_Getchar9
 .text.LPUART_Getchar10
                0x00003400       0x1e ./SDK/platform/drivers/src/lpuart/lpuart_hw_access.o
                0x00003400                LPUART_Getchar10
 .text.LPUART_SetIntMode
                0x0000341e       0x70 ./SDK/platform/drivers/src/lpuart/lpuart_hw_access.o
                0x0000341e                LPUART_SetIntMode
 .text.LPUART_GetIntMode
                0x0000348e       0x4a ./SDK/platform/drivers/src/lpuart/lpuart_hw_access.o
                0x0000348e                LPUART_GetIntMode
 .text.LPUART_GetStatusFlag
                0x000034d8       0x4a ./SDK/platform/drivers/src/lpuart/lpuart_hw_access.o
                0x000034d8                LPUART_GetStatusFlag
 *fill*         0x00003522        0x2 
 .text.LPUART_SetErrorInterrupts
                0x00003524       0x40 ./SDK/platform/drivers/src/lpuart/lpuart_hw_access.o
                0x00003524                LPUART_SetErrorInterrupts
 .text.LPUART0_IrqHandler
                0x00003564        0xa ./SDK/platform/drivers/src/lpuart/lpuart_irq.o
                0x00003564                LPUART0_IrqHandler
 .text.LPUART1_IrqHandler
                0x0000356e        0xa ./SDK/platform/drivers/src/lpuart/lpuart_irq.o
                0x0000356e                LPUART1_IrqHandler
 .text.LPUART2_IrqHandler
                0x00003578        0xa ./SDK/platform/drivers/src/lpuart/lpuart_irq.o
                0x00003578                LPUART2_IrqHandler
 .text.PINS_DRV_Init
                0x00003582       0x20 ./SDK/platform/drivers/src/pins/pins_driver.o
                0x00003582                PINS_DRV_Init
 .text.PINS_DRV_WritePin
                0x000035a2       0x18 ./SDK/platform/drivers/src/pins/pins_driver.o
                0x000035a2                PINS_DRV_WritePin
 .text.PINS_DRV_TogglePins
                0x000035ba        0x4 ./SDK/platform/drivers/src/pins/pins_driver.o
                0x000035ba                PINS_DRV_TogglePins
 *fill*         0x000035be        0x2 
 .text.PINS_GetAdcInterleaveVal
                0x000035c0       0x6c ./SDK/platform/drivers/src/pins/pins_port_hw_access.o
 .text.PINS_Init
                0x0000362c      0x114 ./SDK/platform/drivers/src/pins/pins_port_hw_access.o
                0x0000362c                PINS_Init
 .text.SysTick_Handler
                0x00003740       0x10 ./SDK/rtos/osif/osif_baremetal.o
                0x00003740                SysTick_Handler
 .text.OSIF_SemaWait
                0x00003750       0x84 ./SDK/rtos/osif/osif_baremetal.o
                0x00003750                OSIF_SemaWait
 .text.OSIF_SemaPost
                0x000037d4       0x26 ./SDK/rtos/osif/osif_baremetal.o
                0x000037d4                OSIF_SemaPost
 .text.OSIF_SemaCreate
                0x000037fa       0x14 ./SDK/rtos/osif/osif_baremetal.o
                0x000037fa                OSIF_SemaCreate
 .text.OSIF_SemaDestroy
                0x0000380e        0x4 ./SDK/rtos/osif/osif_baremetal.o
                0x0000380e                OSIF_SemaDestroy
 .text.delay_ms
                0x00003812       0x24 ./src/main.o
 .text.ftm2_update_pwm_ticks
                0x00003836       0x24 ./src/main.o
 *fill*         0x0000385a        0x2 
 .text.motor_run_forward
                0x0000385c       0x38 ./src/main.o
 .text.motor_run_backward
                0x00003894       0x2c ./src/main.o
 .text.motor_run_stop
                0x000038c0       0x28 ./src/main.o
 .text.servo_center
                0x000038e8        0xe ./src/main.o
 *fill*         0x000038f6        0x2 
 .text.main     0x000038f8      0x328 ./src/main.o
                0x000038f8                main
 *(.rodata)
 *(.rodata*)
 .rodata.clockNameMappings
                0x00003c20       0x9e ./SDK/platform/drivers/src/clock/S32K1xx/clock_S32K1xx.o
                0x00003c20                clockNameMappings
 *fill*         0x00003cbe        0x2 
 .rodata.maxSysClksInHSRUN.7627
                0x00003cc0       0x54 ./SDK/platform/drivers/src/clock/S32K1xx/clock_S32K1xx.o
 .rodata.maxSysClksInRUN.7626
                0x00003d14       0x54 ./SDK/platform/drivers/src/clock/S32K1xx/clock_S32K1xx.o
 .rodata.maxSysClksInVLPR.7625
                0x00003d68       0x54 ./SDK/platform/drivers/src/clock/S32K1xx/clock_S32K1xx.o
 .rodata.peripheralFeaturesList
                0x00003dbc       0x4f ./SDK/platform/drivers/src/clock/S32K1xx/clock_S32K1xx.o
                0x00003dbc                peripheralFeaturesList
 *fill*         0x00003e0b        0x1 
 .rodata.g_ftmBase
                0x00003e0c       0x10 ./SDK/platform/drivers/src/ftm/ftm_common.o
                0x00003e0c                g_ftmBase
 .rodata.g_ftmExtClockSel
                0x00003e1c        0x4 ./SDK/platform/drivers/src/ftm/ftm_common.o
 .rodata.g_ftmOverflowIrqId
                0x00003e20        0x4 ./SDK/platform/drivers/src/ftm/ftm_common.o
                0x00003e20                g_ftmOverflowIrqId
 .rodata.s_lpuartBase
                0x00003e24        0xc ./SDK/platform/drivers/src/lpuart/lpuart_driver.o
 .rodata.s_lpuartClkNames
                0x00003e30        0x3 ./SDK/platform/drivers/src/lpuart/lpuart_driver.o
 *fill*         0x00003e33        0x1 
 .rodata.s_lpuartRxTxIrqId
                0x00003e34        0x3 ./SDK/platform/drivers/src/lpuart/lpuart_driver.o
 *fill*         0x00003e37        0x1 
 .rodata.lpuart_2_InitConfig0
                0x00003e38        0xc ./board/peripherals_lpuart_1.o
                0x00003e38                lpuart_2_InitConfig0
 *(.init)
 .init          0x00003e44        0x4 c:/nxp/s32ds.3.5/s32ds/build_tools/gcc_b1620/gcc-6.3-arm32-eabi/bin/../lib/gcc/arm-none-eabi/6.3.1/thumb/v7e-m/fpv4-sp/hard/crti.o
                0x00003e44                _init
 *(.fini)
 .fini          0x00003e48        0x4 c:/nxp/s32ds.3.5/s32ds/build_tools/gcc_b1620/gcc-6.3-arm32-eabi/bin/../lib/gcc/arm-none-eabi/6.3.1/thumb/v7e-m/fpv4-sp/hard/crti.o
                0x00003e48                _fini
 *(.eh_frame)
                0x00003e4c                . = ALIGN (0x4)

.glue_7         0x00003e4c        0x0
 .glue_7        0x00003e4c        0x0 linker stubs

.glue_7t        0x00003e4c        0x0
 .glue_7t       0x00003e4c        0x0 linker stubs

.vfp11_veneer   0x00003e4c        0x0
 .vfp11_veneer  0x00003e4c        0x0 linker stubs

.v4_bx          0x00003e4c        0x0
 .v4_bx         0x00003e4c        0x0 linker stubs

.iplt           0x00003e4c        0x0
 .iplt          0x00003e4c        0x0 ./Project_Settings/Startup_Code/startup_S32K144.o

.rel.dyn        0x00003e4c        0x0
 .rel.iplt      0x00003e4c        0x0 ./Project_Settings/Startup_Code/startup_S32K144.o

.ARM            0x00003e4c        0x0
                0x00003e4c                __exidx_start = .
 *(.ARM.exidx*)
                0x00003e4c                __exidx_end = .
                0x00003e4c                __etext = .
                0x00003e4c                __DATA_ROM = .

.interrupts_ram
                0x1fff8000      0x400
                0x1fff8000                . = ALIGN (0x4)
                0x1fff8000                __VECTOR_RAM__ = .
                0x1fff8000                __RAM_START = .
                0x1fff8000                __interrupts_ram_start__ = .
 *(.m_interrupts_ram)
                0x1fff8400                . = (. + M_VECTOR_RAM_SIZE)
 *fill*         0x1fff8000      0x400 
                0x1fff8400                . = ALIGN (0x4)
                0x1fff8400                __interrupts_ram_end__ = .
                0x1fff8000                __VECTOR_RAM = DEFINED (__flash_vector_table__)?ORIGIN (m_interrupts):__VECTOR_RAM__
                0x00000400                __RAM_VECTOR_TABLE_SIZE = DEFINED (__flash_vector_table__)?0x0:(__interrupts_ram_end__ - __interrupts_ram_start__)

.data           0x1fff8400      0x2a8 load address 0x00003e4c
                0x1fff8400                . = ALIGN (0x4)
                0x1fff8400                __DATA_RAM = .
                0x1fff8400                __data_start__ = .
 *(.data)
 *(.data*)
 .data.peripheralClockConfig.7374
                0x1fff8400       0xa0 ./SDK/platform/drivers/src/clock/S32K1xx/clock_S32K1xx.o
 .data.g_lpuartIsr
                0x1fff84a0        0xc ./SDK/platform/drivers/src/lpuart/lpuart_irq.o
                0x1fff84a0                g_lpuartIsr
 .data.first_init.6874
                0x1fff84ac        0x1 ./SDK/rtos/osif/osif_baremetal.o
 *fill*         0x1fff84ad        0x3 
 .data.clockMan1_InitConfig0
                0x1fff84b0       0x88 ./board/clock_config.o
                0x1fff84b0                clockMan1_InitConfig0
 .data.peripheralClockConfig0
                0x1fff8538       0xa0 ./board/clock_config.o
                0x1fff8538                peripheralClockConfig0
 .data.flexTimer_pwm_1_IndependentChannelsConfig
                0x1fff85d8       0x14 ./board/peripherals_flexTimer_pwm_1.o
                0x1fff85d8                flexTimer_pwm_1_IndependentChannelsConfig
 .data.flexTimer_pwm_1_InitConfig
                0x1fff85ec       0x12 ./board/peripherals_flexTimer_pwm_1.o
                0x1fff85ec                flexTimer_pwm_1_InitConfig
 *fill*         0x1fff85fe        0x2 
 .data.flexTimer_pwm_1_PwmConfig
                0x1fff8600       0x18 ./board/peripherals_flexTimer_pwm_1.o
                0x1fff8600                flexTimer_pwm_1_PwmConfig
 .data.g_pin_mux_InitConfigArr0
                0x1fff8618       0x90 ./board/pin_mux.o
                0x1fff8618                g_pin_mux_InitConfigArr0
                0x1fff86a8                . = ALIGN (0x4)
                0x1fff86a8                __data_end__ = .
                0x000040f4                __DATA_END = (__DATA_ROM + (__data_end__ - __data_start__))
                0x000040f4                __CODE_ROM = __DATA_END

.igot.plt       0x1fff86a8        0x0 load address 0x000040f4
 .igot.plt      0x1fff86a8        0x0 ./Project_Settings/Startup_Code/startup_S32K144.o

.code           0x1fff86a8        0x0 load address 0x000040f4
                0x1fff86a8                . = ALIGN (0x4)
                0x1fff86a8                __CODE_RAM = .
                0x1fff86a8                __code_start__ = .
                0x1fff86a8                __code_ram_start__ = .
 *(.code_ram)
                0x1fff86a8                . = ALIGN (0x4)
                0x1fff86a8                __code_end__ = .
                0x1fff86a8                __code_ram_end__ = .
                0x000040f4                __CODE_END = (__CODE_ROM + (__code_end__ - __code_start__))
                0x000040f4                __CUSTOM_ROM = __CODE_END

.customSectionBlock
                0x20000000        0x0 load address 0x000040f4
                0x20000000                __customSection_start__ = .
 *(.customSection)
                0x20000000                __customSection_end__ = .
                0x000040f4                __CUSTOM_END = (__CUSTOM_ROM + (__customSection_end__ - __customSection_start__))
                0x000040f4                __rom_end = __CUSTOM_END

.bss            0x20000000       0xe4
                0x20000000                . = ALIGN (0x4)
                0x20000000                __BSS_START = .
                0x20000000                __bss_start__ = .
 *(.bss)
 *(.bss*)
 .bss.g_RtcClkInFreq
                0x20000000        0x4 ./SDK/platform/drivers/src/clock/S32K1xx/clock_S32K1xx.o
                0x20000000                g_RtcClkInFreq
 .bss.g_TClkFreq
                0x20000004        0xc ./SDK/platform/drivers/src/clock/S32K1xx/clock_S32K1xx.o
                0x20000004                g_TClkFreq
 .bss.g_xtal0ClkFreq
                0x20000010        0x4 ./SDK/platform/drivers/src/clock/S32K1xx/clock_S32K1xx.o
                0x20000010                g_xtal0ClkFreq
 .bss.s_virtEdmaState
                0x20000014        0x4 ./SDK/platform/drivers/src/edma/edma_driver.o
 .bss.ftmStatePtr
                0x20000018       0x10 ./SDK/platform/drivers/src/ftm/ftm_common.o
                0x20000018                ftmStatePtr
 .bss.g_interruptDisableCount
                0x20000028        0x4 ./SDK/platform/drivers/src/interrupt/interrupt_manager.o
 .bss.s_lpuartStatePtr
                0x2000002c        0xc ./SDK/platform/drivers/src/lpuart/lpuart_driver.o
 .bss.s_osif_tick_cnt
                0x20000038        0x4 ./SDK/rtos/osif/osif_baremetal.o
 .bss.flexTimer_pwm_1_FaultConfig
                0x2000003c       0x10 ./board/peripherals_flexTimer_pwm_1.o
                0x2000003c                flexTimer_pwm_1_FaultConfig
 .bss.lpUartState2
                0x2000004c       0x34 ./board/peripherals_lpuart_1.o
                0x2000004c                lpUartState2
 .bss.flexTimer_pwm_1_State
                0x20000080       0x64 ./src/main.o
 *(COMMON)
                0x200000e4                . = ALIGN (0x4)
                0x200000e4                __bss_end__ = .
                0x200000e4                __BSS_END = .

.heap           0x200000e4      0x404
                0x200000e8                . = ALIGN (0x8)
 *fill*         0x200000e4        0x4 
                0x200000e8                __end__ = .
                0x200000e8                __heap_start__ = .
                [!provide]                PROVIDE (end = .)
                [!provide]                PROVIDE (_end = .)
                [!provide]                PROVIDE (__end = .)
                0x200000e8                __HeapBase = .
                0x200004e8                . = (. + HEAP_SIZE)
 *fill*         0x200000e8      0x400 
                0x200004e8                __HeapLimit = .
                0x200004e8                __heap_limit = .
                0x200004e8                __heap_end__ = .
                0x20007000                __StackTop = (ORIGIN (m_data_2) + LENGTH (m_data_2))
                0x20006c00                __StackLimit = (__StackTop - STACK_SIZE)
                0x20007000                PROVIDE (__stack = __StackTop)
                0x20007000                __RAM_END = __StackTop

.stack          0x20006c00      0x400
                0x20006c00                . = ALIGN (0x8)
                0x20006c00                __stack_start__ = .
                0x20007000                . = (. + STACK_SIZE)
 *fill*         0x20006c00      0x400 
                0x20007000                __stack_end__ = .

.ARM.attributes
                0x00000000       0x30
 *(.ARM.attributes)
 .ARM.attributes
                0x00000000       0x22 c:/nxp/s32ds.3.5/s32ds/build_tools/gcc_b1620/gcc-6.3-arm32-eabi/bin/../lib/gcc/arm-none-eabi/6.3.1/thumb/v7e-m/fpv4-sp/hard/crti.o
 .ARM.attributes
                0x00000022       0x1f ./Project_Settings/Startup_Code/startup_S32K144.o
 .ARM.attributes
                0x00000041       0x39 ./SDK/platform/devices/S32K144/startup/system_S32K144.o
 .ARM.attributes
                0x0000007a       0x39 ./SDK/platform/devices/startup.o
 .ARM.attributes
                0x000000b3       0x39 ./SDK/platform/drivers/src/clock/S32K1xx/clock_S32K1xx.o
 .ARM.attributes
                0x000000ec       0x39 ./SDK/platform/drivers/src/edma/edma_driver.o
 .ARM.attributes
                0x00000125       0x39 ./SDK/platform/drivers/src/edma/edma_hw_access.o
 .ARM.attributes
                0x0000015e       0x39 ./SDK/platform/drivers/src/edma/edma_irq.o
 .ARM.attributes
                0x00000197       0x39 ./SDK/platform/drivers/src/ftm/ftm_common.o
 .ARM.attributes
                0x000001d0       0x39 ./SDK/platform/drivers/src/ftm/ftm_hw_access.o
 .ARM.attributes
                0x00000209       0x39 ./SDK/platform/drivers/src/ftm/ftm_pwm_driver.o
 .ARM.attributes
                0x00000242       0x39 ./SDK/platform/drivers/src/interrupt/interrupt_manager.o
 .ARM.attributes
                0x0000027b       0x39 ./SDK/platform/drivers/src/lpuart/lpuart_driver.o
 .ARM.attributes
                0x000002b4       0x39 ./SDK/platform/drivers/src/lpuart/lpuart_hw_access.o
 .ARM.attributes
                0x000002ed       0x39 ./SDK/platform/drivers/src/lpuart/lpuart_irq.o
 .ARM.attributes
                0x00000326       0x39 ./SDK/platform/drivers/src/pins/pins_driver.o
 .ARM.attributes
                0x0000035f       0x39 ./SDK/platform/drivers/src/pins/pins_port_hw_access.o
 .ARM.attributes
                0x00000398       0x39 ./SDK/rtos/osif/osif_baremetal.o
 .ARM.attributes
                0x000003d1       0x39 ./board/clock_config.o
 .ARM.attributes
                0x0000040a       0x39 ./board/peripherals_flexTimer_pwm_1.o
 .ARM.attributes
                0x00000443       0x39 ./board/peripherals_lpuart_1.o
 .ARM.attributes
                0x0000047c       0x39 ./board/pin_mux.o
 .ARM.attributes
                0x000004b5       0x39 ./src/main.o
                0x00000001                ASSERT ((__rom_end <= (ORIGIN (m_text) + LENGTH (m_text))), Region m_text overflowed!)
                0x00000001                ASSERT ((__StackLimit >= __HeapLimit), region m_data_2 overflowed with stack and heap)
OUTPUT(MainCode.elf elf32-littlearm)

.debug_line     0x00000000     0x631d
 .debug_line    0x00000000       0x82 ./Project_Settings/Startup_Code/startup_S32K144.o
 .debug_line    0x00000082      0x273 ./SDK/platform/devices/S32K144/startup/system_S32K144.o
 .debug_line    0x000002f5      0x16f ./SDK/platform/devices/startup.o
 .debug_line    0x00000464     0x11a5 ./SDK/platform/drivers/src/clock/S32K1xx/clock_S32K1xx.o
 .debug_line    0x00001609      0x8b9 ./SDK/platform/drivers/src/edma/edma_driver.o
 .debug_line    0x00001ec2      0x35f ./SDK/platform/drivers/src/edma/edma_hw_access.o
 .debug_line    0x00002221      0x2f7 ./SDK/platform/drivers/src/edma/edma_irq.o
 .debug_line    0x00002518      0x77e ./SDK/platform/drivers/src/ftm/ftm_common.o
 .debug_line    0x00002c96      0x34a ./SDK/platform/drivers/src/ftm/ftm_hw_access.o
 .debug_line    0x00002fe0      0x7b9 ./SDK/platform/drivers/src/ftm/ftm_pwm_driver.o
 .debug_line    0x00003799      0x368 ./SDK/platform/drivers/src/interrupt/interrupt_manager.o
 .debug_line    0x00003b01      0x981 ./SDK/platform/drivers/src/lpuart/lpuart_driver.o
 .debug_line    0x00004482      0x3e5 ./SDK/platform/drivers/src/lpuart/lpuart_hw_access.o
 .debug_line    0x00004867       0xc3 ./SDK/platform/drivers/src/lpuart/lpuart_irq.o
 .debug_line    0x0000492a      0x4cd ./SDK/platform/drivers/src/pins/pins_driver.o
 .debug_line    0x00004df7      0x2e2 ./SDK/platform/drivers/src/pins/pins_port_hw_access.o
 .debug_line    0x000050d9      0x3fe ./SDK/rtos/osif/osif_baremetal.o
 .debug_line    0x000054d7      0x255 ./board/clock_config.o
 .debug_line    0x0000572c      0x269 ./board/peripherals_flexTimer_pwm_1.o
 .debug_line    0x00005995      0x1f6 ./board/peripherals_lpuart_1.o
 .debug_line    0x00005b8b      0x1c1 ./board/pin_mux.o
 .debug_line    0x00005d4c      0x5d1 ./src/main.o

.debug_info     0x00000000    0x1cfe8
 .debug_info    0x00000000       0x26 ./Project_Settings/Startup_Code/startup_S32K144.o
 .debug_info    0x00000026      0x521 ./SDK/platform/devices/S32K144/startup/system_S32K144.o
 .debug_info    0x00000547      0x2ad ./SDK/platform/devices/startup.o
 .debug_info    0x000007f4     0x5c5e ./SDK/platform/drivers/src/clock/S32K1xx/clock_S32K1xx.o
 .debug_info    0x00006452     0x3770 ./SDK/platform/drivers/src/edma/edma_driver.o
 .debug_info    0x00009bc2      0x95d ./SDK/platform/drivers/src/edma/edma_hw_access.o
 .debug_info    0x0000a51f      0x6da ./SDK/platform/drivers/src/edma/edma_irq.o
 .debug_info    0x0000abf9     0x2c2e ./SDK/platform/drivers/src/ftm/ftm_common.o
 .debug_info    0x0000d827      0x986 ./SDK/platform/drivers/src/ftm/ftm_hw_access.o
 .debug_info    0x0000e1ad     0x2b31 ./SDK/platform/drivers/src/ftm/ftm_pwm_driver.o
 .debug_info    0x00010cde      0x997 ./SDK/platform/drivers/src/interrupt/interrupt_manager.o
 .debug_info    0x00011675     0x2ffd ./SDK/platform/drivers/src/lpuart/lpuart_driver.o
 .debug_info    0x00014672      0x96c ./SDK/platform/drivers/src/lpuart/lpuart_hw_access.o
 .debug_info    0x00014fde      0x127 ./SDK/platform/drivers/src/lpuart/lpuart_irq.o
 .debug_info    0x00015105     0x13d5 ./SDK/platform/drivers/src/pins/pins_driver.o
 .debug_info    0x000164da      0x8a8 ./SDK/platform/drivers/src/pins/pins_port_hw_access.o
 .debug_info    0x00016d82      0xac5 ./SDK/rtos/osif/osif_baremetal.o
 .debug_info    0x00017847     0x12b5 ./board/clock_config.o
 .debug_info    0x00018afc      0xcc6 ./board/peripherals_flexTimer_pwm_1.o
 .debug_info    0x000197c2      0x5c9 ./board/peripherals_lpuart_1.o
 .debug_info    0x00019d8b      0x405 ./board/pin_mux.o
 .debug_info    0x0001a190     0x2e58 ./src/main.o

.debug_abbrev   0x00000000     0x2c14
 .debug_abbrev  0x00000000       0x14 ./Project_Settings/Startup_Code/startup_S32K144.o
 .debug_abbrev  0x00000014      0x140 ./SDK/platform/devices/S32K144/startup/system_S32K144.o
 .debug_abbrev  0x00000154       0xe0 ./SDK/platform/devices/startup.o
 .debug_abbrev  0x00000234      0x3ec ./SDK/platform/drivers/src/clock/S32K1xx/clock_S32K1xx.o
 .debug_abbrev  0x00000620      0x422 ./SDK/platform/drivers/src/edma/edma_driver.o
 .debug_abbrev  0x00000a42      0x205 ./SDK/platform/drivers/src/edma/edma_hw_access.o
 .debug_abbrev  0x00000c47      0x1b8 ./SDK/platform/drivers/src/edma/edma_irq.o
 .debug_abbrev  0x00000dff      0x360 ./SDK/platform/drivers/src/ftm/ftm_common.o
 .debug_abbrev  0x0000115f      0x1b8 ./SDK/platform/drivers/src/ftm/ftm_hw_access.o
 .debug_abbrev  0x00001317      0x2ef ./SDK/platform/drivers/src/ftm/ftm_pwm_driver.o
 .debug_abbrev  0x00001606      0x1f4 ./SDK/platform/drivers/src/interrupt/interrupt_manager.o
 .debug_abbrev  0x000017fa      0x3a4 ./SDK/platform/drivers/src/lpuart/lpuart_driver.o
 .debug_abbrev  0x00001b9e      0x1d0 ./SDK/platform/drivers/src/lpuart/lpuart_hw_access.o
 .debug_abbrev  0x00001d6e       0xb9 ./SDK/platform/drivers/src/lpuart/lpuart_irq.o
 .debug_abbrev  0x00001e27      0x2db ./SDK/platform/drivers/src/pins/pins_driver.o
 .debug_abbrev  0x00002102      0x1f5 ./SDK/platform/drivers/src/pins/pins_port_hw_access.o
 .debug_abbrev  0x000022f7      0x2c6 ./SDK/rtos/osif/osif_baremetal.o
 .debug_abbrev  0x000025bd      0x122 ./board/clock_config.o
 .debug_abbrev  0x000026df      0x126 ./board/peripherals_flexTimer_pwm_1.o
 .debug_abbrev  0x00002805       0xbc ./board/peripherals_lpuart_1.o
 .debug_abbrev  0x000028c1       0xca ./board/pin_mux.o
 .debug_abbrev  0x0000298b      0x289 ./src/main.o

.debug_aranges  0x00000000      0x9b8
 .debug_aranges
                0x00000000       0x20 ./Project_Settings/Startup_Code/startup_S32K144.o
 .debug_aranges
                0x00000020       0x30 ./SDK/platform/devices/S32K144/startup/system_S32K144.o
 .debug_aranges
                0x00000050       0x20 ./SDK/platform/devices/startup.o
 .debug_aranges
                0x00000070      0x128 ./SDK/platform/drivers/src/clock/S32K1xx/clock_S32K1xx.o
 .debug_aranges
                0x00000198      0x138 ./SDK/platform/drivers/src/edma/edma_driver.o
 .debug_aranges
                0x000002d0       0x88 ./SDK/platform/drivers/src/edma/edma_hw_access.o
 .debug_aranges
                0x00000358       0xa0 ./SDK/platform/drivers/src/edma/edma_irq.o
 .debug_aranges
                0x000003f8       0xc8 ./SDK/platform/drivers/src/ftm/ftm_common.o
 .debug_aranges
                0x000004c0       0x38 ./SDK/platform/drivers/src/ftm/ftm_hw_access.o
 .debug_aranges
                0x000004f8       0x50 ./SDK/platform/drivers/src/ftm/ftm_pwm_driver.o
 .debug_aranges
                0x00000548       0x70 ./SDK/platform/drivers/src/interrupt/interrupt_manager.o
 .debug_aranges
                0x000005b8      0x118 ./SDK/platform/drivers/src/lpuart/lpuart_driver.o
 .debug_aranges
                0x000006d0       0x78 ./SDK/platform/drivers/src/lpuart/lpuart_hw_access.o
 .debug_aranges
                0x00000748       0x30 ./SDK/platform/drivers/src/lpuart/lpuart_irq.o
 .debug_aranges
                0x00000778       0xe0 ./SDK/platform/drivers/src/pins/pins_driver.o
 .debug_aranges
                0x00000858       0x40 ./SDK/platform/drivers/src/pins/pins_port_hw_access.o
 .debug_aranges
                0x00000898       0x70 ./SDK/rtos/osif/osif_baremetal.o
 .debug_aranges
                0x00000908       0x18 ./board/clock_config.o
 .debug_aranges
                0x00000920       0x18 ./board/peripherals_flexTimer_pwm_1.o
 .debug_aranges
                0x00000938       0x18 ./board/peripherals_lpuart_1.o
 .debug_aranges
                0x00000950       0x18 ./board/pin_mux.o
 .debug_aranges
                0x00000968       0x50 ./src/main.o

.debug_str      0x00000000     0x9994
 .debug_str     0x00000000       0xa2 ./Project_Settings/Startup_Code/startup_S32K144.o
 .debug_str     0x000000a2      0x41e ./SDK/platform/devices/S32K144/startup/system_S32K144.o
                                0x46b (size before relaxing)
 .debug_str     0x000004c0      0x20c ./SDK/platform/devices/startup.o
                                0x468 (size before relaxing)
 .debug_str     0x000006cc     0x360b ./SDK/platform/drivers/src/clock/S32K1xx/clock_S32K1xx.o
                               0x39bd (size before relaxing)
 .debug_str     0x00003cd7     0x1e85 ./SDK/platform/drivers/src/edma/edma_driver.o
                               0x2a58 (size before relaxing)
 .debug_str     0x00005b5c       0x46 ./SDK/platform/drivers/src/edma/edma_hw_access.o
                                0x81c (size before relaxing)
 .debug_str     0x00005ba2      0x162 ./SDK/platform/drivers/src/edma/edma_irq.o
                                0x531 (size before relaxing)
 .debug_str     0x00005d04     0x1196 ./SDK/platform/drivers/src/ftm/ftm_common.o
                               0x27b8 (size before relaxing)
 .debug_str     0x00006e9a       0xa7 ./SDK/platform/drivers/src/ftm/ftm_hw_access.o
                                0xdba (size before relaxing)
 .debug_str     0x00006f41      0x9dd ./SDK/platform/drivers/src/ftm/ftm_pwm_driver.o
                               0x209a (size before relaxing)
 .debug_str     0x0000791e      0x180 ./SDK/platform/drivers/src/interrupt/interrupt_manager.o
                                0xbb0 (size before relaxing)
 .debug_str     0x00007a9e      0xdd0 ./SDK/platform/drivers/src/lpuart/lpuart_driver.o
                               0x2532 (size before relaxing)
 .debug_str     0x0000886e       0xc4 ./SDK/platform/drivers/src/lpuart/lpuart_hw_access.o
                               0x10af (size before relaxing)
 .debug_str     0x00008932       0x69 ./SDK/platform/drivers/src/lpuart/lpuart_irq.o
                                0x2b9 (size before relaxing)
 .debug_str     0x0000899b      0x967 ./SDK/platform/drivers/src/pins/pins_driver.o
                               0x1476 (size before relaxing)
 .debug_str     0x00009302      0x19d ./SDK/platform/drivers/src/pins/pins_port_hw_access.o
                                0x95e (size before relaxing)
 .debug_str     0x0000949f      0x19d ./SDK/rtos/osif/osif_baremetal.o
                               0x1112 (size before relaxing)
 .debug_str     0x0000963c       0x71 ./board/clock_config.o
                               0x2372 (size before relaxing)
 .debug_str     0x000096ad       0xa2 ./board/peripherals_flexTimer_pwm_1.o
                               0x133c (size before relaxing)
 .debug_str     0x0000974f       0x42 ./board/peripherals_lpuart_1.o
                                0xddf (size before relaxing)
 .debug_str     0x00009791       0x2c ./board/pin_mux.o
                                0x622 (size before relaxing)
 .debug_str     0x000097bd      0x1d7 ./src/main.o
                               0x406a (size before relaxing)

.debug_loc      0x00000000     0xfa2d
 .debug_loc     0x00000000      0x10a ./SDK/platform/devices/S32K144/startup/system_S32K144.o
 .debug_loc     0x0000010a       0xec ./SDK/platform/devices/startup.o
 .debug_loc     0x000001f6     0x4df7 ./SDK/platform/drivers/src/clock/S32K1xx/clock_S32K1xx.o
 .debug_loc     0x00004fed     0x28d9 ./SDK/platform/drivers/src/edma/edma_driver.o
 .debug_loc     0x000078c6      0x6fa ./SDK/platform/drivers/src/edma/edma_hw_access.o
 .debug_loc     0x00007fc0       0x50 ./SDK/platform/drivers/src/edma/edma_irq.o
 .debug_loc     0x00008010     0x1b47 ./SDK/platform/drivers/src/ftm/ftm_common.o
 .debug_loc     0x00009b57      0x184 ./SDK/platform/drivers/src/ftm/ftm_hw_access.o
 .debug_loc     0x00009cdb     0x1f17 ./SDK/platform/drivers/src/ftm/ftm_pwm_driver.o
 .debug_loc     0x0000bbf2      0x252 ./SDK/platform/drivers/src/interrupt/interrupt_manager.o
 .debug_loc     0x0000be44     0x2030 ./SDK/platform/drivers/src/lpuart/lpuart_driver.o
 .debug_loc     0x0000de74      0x738 ./SDK/platform/drivers/src/lpuart/lpuart_hw_access.o
 .debug_loc     0x0000e5ac      0x77f ./SDK/platform/drivers/src/pins/pins_driver.o
 .debug_loc     0x0000ed2b      0x56a ./SDK/platform/drivers/src/pins/pins_port_hw_access.o
 .debug_loc     0x0000f295      0x275 ./SDK/rtos/osif/osif_baremetal.o
 .debug_loc     0x0000f50a      0x523 ./src/main.o

.debug_ranges   0x00000000     0x1080
 .debug_ranges  0x00000000       0x20 ./SDK/platform/devices/S32K144/startup/system_S32K144.o
 .debug_ranges  0x00000020       0x10 ./SDK/platform/devices/startup.o
 .debug_ranges  0x00000030      0x3f0 ./SDK/platform/drivers/src/clock/S32K1xx/clock_S32K1xx.o
 .debug_ranges  0x00000420      0x158 ./SDK/platform/drivers/src/edma/edma_driver.o
 .debug_ranges  0x00000578       0x90 ./SDK/platform/drivers/src/edma/edma_hw_access.o
 .debug_ranges  0x00000608       0x90 ./SDK/platform/drivers/src/edma/edma_irq.o
 .debug_ranges  0x00000698      0x148 ./SDK/platform/drivers/src/ftm/ftm_common.o
 .debug_ranges  0x000007e0       0x28 ./SDK/platform/drivers/src/ftm/ftm_hw_access.o
 .debug_ranges  0x00000808      0x2f8 ./SDK/platform/drivers/src/ftm/ftm_pwm_driver.o
 .debug_ranges  0x00000b00       0x98 ./SDK/platform/drivers/src/interrupt/interrupt_manager.o
 .debug_ranges  0x00000b98      0x150 ./SDK/platform/drivers/src/lpuart/lpuart_driver.o
 .debug_ranges  0x00000ce8       0x68 ./SDK/platform/drivers/src/lpuart/lpuart_hw_access.o
 .debug_ranges  0x00000d50       0x20 ./SDK/platform/drivers/src/lpuart/lpuart_irq.o
 .debug_ranges  0x00000d70       0xd0 ./SDK/platform/drivers/src/pins/pins_driver.o
 .debug_ranges  0x00000e40       0x30 ./SDK/platform/drivers/src/pins/pins_port_hw_access.o
 .debug_ranges  0x00000e70       0x90 ./SDK/rtos/osif/osif_baremetal.o
 .debug_ranges  0x00000f00      0x180 ./src/main.o

.comment        0x00000000       0x7e
 .comment       0x00000000       0x7e ./SDK/platform/devices/S32K144/startup/system_S32K144.o
                                 0x7f (size before relaxing)
 .comment       0x0000007e       0x7f ./SDK/platform/devices/startup.o
 .comment       0x0000007e       0x7f ./SDK/platform/drivers/src/clock/S32K1xx/clock_S32K1xx.o
 .comment       0x0000007e       0x7f ./SDK/platform/drivers/src/edma/edma_driver.o
 .comment       0x0000007e       0x7f ./SDK/platform/drivers/src/edma/edma_hw_access.o
 .comment       0x0000007e       0x7f ./SDK/platform/drivers/src/edma/edma_irq.o
 .comment       0x0000007e       0x7f ./SDK/platform/drivers/src/ftm/ftm_common.o
 .comment       0x0000007e       0x7f ./SDK/platform/drivers/src/ftm/ftm_hw_access.o
 .comment       0x0000007e       0x7f ./SDK/platform/drivers/src/ftm/ftm_pwm_driver.o
 .comment       0x0000007e       0x7f ./SDK/platform/drivers/src/interrupt/interrupt_manager.o
 .comment       0x0000007e       0x7f ./SDK/platform/drivers/src/lpuart/lpuart_driver.o
 .comment       0x0000007e       0x7f ./SDK/platform/drivers/src/lpuart/lpuart_hw_access.o
 .comment       0x0000007e       0x7f ./SDK/platform/drivers/src/lpuart/lpuart_irq.o
 .comment       0x0000007e       0x7f ./SDK/platform/drivers/src/pins/pins_driver.o
 .comment       0x0000007e       0x7f ./SDK/platform/drivers/src/pins/pins_port_hw_access.o
 .comment       0x0000007e       0x7f ./SDK/rtos/osif/osif_baremetal.o
 .comment       0x0000007e       0x7f ./board/clock_config.o
 .comment       0x0000007e       0x7f ./board/peripherals_flexTimer_pwm_1.o
 .comment       0x0000007e       0x7f ./board/peripherals_lpuart_1.o
 .comment       0x0000007e       0x7f ./board/pin_mux.o
 .comment       0x0000007e       0x7f ./src/main.o

.debug_frame    0x00000000     0x17ac
 .debug_frame   0x00000000       0x40 ./SDK/platform/devices/S32K144/startup/system_S32K144.o
 .debug_frame   0x00000040       0x2c ./SDK/platform/devices/startup.o
 .debug_frame   0x0000006c      0x398 ./SDK/platform/drivers/src/clock/S32K1xx/clock_S32K1xx.o
 .debug_frame   0x00000404      0x388 ./SDK/platform/drivers/src/edma/edma_driver.o
 .debug_frame   0x0000078c      0x144 ./SDK/platform/drivers/src/edma/edma_hw_access.o
 .debug_frame   0x000008d0      0x1ac ./SDK/platform/drivers/src/edma/edma_irq.o
 .debug_frame   0x00000a7c      0x1f8 ./SDK/platform/drivers/src/ftm/ftm_common.o
 .debug_frame   0x00000c74       0x5c ./SDK/platform/drivers/src/ftm/ftm_hw_access.o
 .debug_frame   0x00000cd0       0xe0 ./SDK/platform/drivers/src/ftm/ftm_pwm_driver.o
 .debug_frame   0x00000db0       0xd8 ./SDK/platform/drivers/src/interrupt/interrupt_manager.o
 .debug_frame   0x00000e88      0x398 ./SDK/platform/drivers/src/lpuart/lpuart_driver.o
 .debug_frame   0x00001220       0xf4 ./SDK/platform/drivers/src/lpuart/lpuart_hw_access.o
 .debug_frame   0x00001314       0x58 ./SDK/platform/drivers/src/lpuart/lpuart_irq.o
 .debug_frame   0x0000136c      0x1e4 ./SDK/platform/drivers/src/pins/pins_driver.o
 .debug_frame   0x00001550       0x98 ./SDK/platform/drivers/src/pins/pins_port_hw_access.o
 .debug_frame   0x000015e8       0xf8 ./SDK/rtos/osif/osif_baremetal.o
 .debug_frame   0x000016e0       0xcc ./src/main.o
